Archive member included to satisfy reference by file (symbol)

/usr/local/Cellar/arm-none-eabi-gcc/9-2019-q4-major/gcc/bin/../lib/gcc/arm-none-eabi/9.2.1/thumb/v6-m/nofp/libgcc.a(_dvmd_tls.o)
                              CMakeFiles/blinky_main.dir/Users/don/Nextcloud/Projects/2021_Lesgooooo/VSCode/donhn.io/pico-sdk/src/rp2_common/pico_divider/divider.S.obj (__aeabi_idiv0)
/usr/local/Cellar/arm-none-eabi-gcc/9-2019-q4-major/gcc/bin/../lib/gcc/arm-none-eabi/9.2.1/../../../../arm-none-eabi/lib/thumb/v6-m/nofp/libg.a(lib_a-calloc.o)
                              CMakeFiles/blinky_main.dir/Users/don/Nextcloud/Projects/2021_Lesgooooo/VSCode/donhn.io/pico-sdk/src/rp2_common/pico_malloc/pico_malloc.c.obj (calloc)
/usr/local/Cellar/arm-none-eabi-gcc/9-2019-q4-major/gcc/bin/../lib/gcc/arm-none-eabi/9.2.1/../../../../arm-none-eabi/lib/thumb/v6-m/nofp/libg.a(lib_a-callocr.o)
                              /usr/local/Cellar/arm-none-eabi-gcc/9-2019-q4-major/gcc/bin/../lib/gcc/arm-none-eabi/9.2.1/../../../../arm-none-eabi/lib/thumb/v6-m/nofp/libg.a(lib_a-calloc.o) (_calloc_r)
/usr/local/Cellar/arm-none-eabi-gcc/9-2019-q4-major/gcc/bin/../lib/gcc/arm-none-eabi/9.2.1/../../../../arm-none-eabi/lib/thumb/v6-m/nofp/libg.a(lib_a-impure.o)
                              /usr/local/Cellar/arm-none-eabi-gcc/9-2019-q4-major/gcc/bin/../lib/gcc/arm-none-eabi/9.2.1/../../../../arm-none-eabi/lib/thumb/v6-m/nofp/libg.a(lib_a-calloc.o) (_impure_ptr)
/usr/local/Cellar/arm-none-eabi-gcc/9-2019-q4-major/gcc/bin/../lib/gcc/arm-none-eabi/9.2.1/../../../../arm-none-eabi/lib/thumb/v6-m/nofp/libg.a(lib_a-init.o)
                              /usr/local/Cellar/arm-none-eabi-gcc/9-2019-q4-major/gcc/bin/../lib/gcc/arm-none-eabi/9.2.1/../../../../arm-none-eabi/lib/thumb/v6-m/nofp/crt0.o (__libc_init_array)
/usr/local/Cellar/arm-none-eabi-gcc/9-2019-q4-major/gcc/bin/../lib/gcc/arm-none-eabi/9.2.1/../../../../arm-none-eabi/lib/thumb/v6-m/nofp/libg.a(lib_a-malloc.o)
                              CMakeFiles/blinky_main.dir/Users/don/Nextcloud/Projects/2021_Lesgooooo/VSCode/donhn.io/pico-sdk/src/rp2_common/pico_malloc/pico_malloc.c.obj (malloc)
/usr/local/Cellar/arm-none-eabi-gcc/9-2019-q4-major/gcc/bin/../lib/gcc/arm-none-eabi/9.2.1/../../../../arm-none-eabi/lib/thumb/v6-m/nofp/libg.a(lib_a-mallocr.o)
                              /usr/local/Cellar/arm-none-eabi-gcc/9-2019-q4-major/gcc/bin/../lib/gcc/arm-none-eabi/9.2.1/../../../../arm-none-eabi/lib/thumb/v6-m/nofp/libg.a(lib_a-callocr.o) (_malloc_r)
/usr/local/Cellar/arm-none-eabi-gcc/9-2019-q4-major/gcc/bin/../lib/gcc/arm-none-eabi/9.2.1/../../../../arm-none-eabi/lib/thumb/v6-m/nofp/libg.a(lib_a-mlock.o)
                              /usr/local/Cellar/arm-none-eabi-gcc/9-2019-q4-major/gcc/bin/../lib/gcc/arm-none-eabi/9.2.1/../../../../arm-none-eabi/lib/thumb/v6-m/nofp/libg.a(lib_a-mallocr.o) (__malloc_lock)
/usr/local/Cellar/arm-none-eabi-gcc/9-2019-q4-major/gcc/bin/../lib/gcc/arm-none-eabi/9.2.1/../../../../arm-none-eabi/lib/thumb/v6-m/nofp/libg.a(lib_a-sbrkr.o)
                              /usr/local/Cellar/arm-none-eabi-gcc/9-2019-q4-major/gcc/bin/../lib/gcc/arm-none-eabi/9.2.1/../../../../arm-none-eabi/lib/thumb/v6-m/nofp/libg.a(lib_a-mallocr.o) (_sbrk_r)
/usr/local/Cellar/arm-none-eabi-gcc/9-2019-q4-major/gcc/bin/../lib/gcc/arm-none-eabi/9.2.1/../../../../arm-none-eabi/lib/thumb/v6-m/nofp/libg.a(lib_a-strlen-stub.o)
                              CMakeFiles/blinky_main.dir/Users/don/Nextcloud/Projects/2021_Lesgooooo/VSCode/donhn.io/pico-sdk/src/rp2_common/pico_stdio/stdio.c.obj (strlen)
/usr/local/Cellar/arm-none-eabi-gcc/9-2019-q4-major/gcc/bin/../lib/gcc/arm-none-eabi/9.2.1/../../../../arm-none-eabi/lib/thumb/v6-m/nofp/libg.a(lib_a-freer.o)
                              /usr/local/Cellar/arm-none-eabi-gcc/9-2019-q4-major/gcc/bin/../lib/gcc/arm-none-eabi/9.2.1/../../../../arm-none-eabi/lib/thumb/v6-m/nofp/libg.a(lib_a-malloc.o) (_free_r)
/usr/local/Cellar/arm-none-eabi-gcc/9-2019-q4-major/gcc/bin/../lib/gcc/arm-none-eabi/9.2.1/../../../../arm-none-eabi/lib/thumb/v6-m/nofp/libg.a(lib_a-lock.o)
                              /usr/local/Cellar/arm-none-eabi-gcc/9-2019-q4-major/gcc/bin/../lib/gcc/arm-none-eabi/9.2.1/../../../../arm-none-eabi/lib/thumb/v6-m/nofp/libg.a(lib_a-mlock.o) (__retarget_lock_acquire_recursive)
/usr/local/Cellar/arm-none-eabi-gcc/9-2019-q4-major/gcc/bin/../lib/gcc/arm-none-eabi/9.2.1/../../../../arm-none-eabi/lib/thumb/v6-m/nofp/libg.a(lib_a-reent.o)
                              /usr/local/Cellar/arm-none-eabi-gcc/9-2019-q4-major/gcc/bin/../lib/gcc/arm-none-eabi/9.2.1/../../../../arm-none-eabi/lib/thumb/v6-m/nofp/libg.a(lib_a-sbrkr.o) (errno)

Allocating common symbols
Common symbol       size              file

__lock___atexit_recursive_mutex
                    0x1               /usr/local/Cellar/arm-none-eabi-gcc/9-2019-q4-major/gcc/bin/../lib/gcc/arm-none-eabi/9.2.1/../../../../arm-none-eabi/lib/thumb/v6-m/nofp/libg.a(lib_a-lock.o)
[...]
Memory Configuration

Name             Origin             Length             Attributes
FLASH            0x0000000010000000 0x0000000000200000 xr
RAM              0x0000000020000000 0x0000000000040000 xrw
SCRATCH_X        0x0000000020040000 0x0000000000001000 xrw
SCRATCH_Y        0x0000000020041000 0x0000000000001000 xrw
*default*        0x0000000000000000 0xffffffffffffffff

Linker script and memory map

LOAD /usr/local/Cellar/arm-none-eabi-gcc/9-2019-q4-major/gcc/bin/../lib/gcc/arm-none-eabi/9.2.1/thumb/v6-m/nofp/crti.o
LOAD /usr/local/Cellar/arm-none-eabi-gcc/9-2019-q4-major/gcc/bin/../lib/gcc/arm-none-eabi/9.2.1/thumb/v6-m/nofp/crtbegin.o
LOAD /usr/local/Cellar/arm-none-eabi-gcc/9-2019-q4-major/gcc/bin/../lib/gcc/arm-none-eabi/9.2.1/../../../../arm-none-eabi/lib/thumb/v6-m/nofp/crt0.o

.flash_begin    0x0000000010000000        0x0
                0x0000000010000000                __flash_binary_start = .

.boot2          0x0000000010000000      0x100
                0x0000000010000000                __boot2_start__ = .
 *(.boot2)
 .boot2         0x0000000010000000      0x100 /var/folders/9v/r3y0bcys1vs3nvstnx41l5_r0000gn/T//cce0Cq42.o
                0x0000000010000100                __boot2_end__ = .
                0x0000000000000001                ASSERT (((__boot2_end__ - __boot2_start__) == 0x100), ERROR: Pico second stage bootloader must be 256 bytes in size)

.text           0x0000000010000100     0x3f18
                0x0000000010000100                __logical_binary_start = .
 *(.vectors)
 .vectors       0x0000000010000100       0xd4 CMakeFiles/blinky_main.dir/Users/don/Nextcloud/Projects/2021_Lesgooooo/VSCode/donhn.io/pico-sdk/src/rp2_common/pico_standard_link/crt0.S.obj
                0x0000000010000100                __vectors
                0x00000000100001c0                isr_invalid
                0x00000000100001c2                isr_nmi
                0x00000000100001c4                isr_hardfault
                0x00000000100001c6                isr_svcall
                0x00000000100001c8                isr_pendsv
                0x00000000100001ca                isr_systick
                0x00000000100001cc                isr_irq23
                0x00000000100001cc                isr_irq18
                0x00000000100001cc                isr_irq28
                0x00000000100001cc                isr_irq19
                0x00000000100001cc                isr_irq0
                0x00000000100001cc                isr_irq6
                0x00000000100001cc                isr_irq22
                0x00000000100001cc                isr_irq17
                0x00000000100001cc                isr_irq14
                0x00000000100001cc                isr_irq2
                0x00000000100001cc                isr_irq10
                0x00000000100001cc                isr_irq8
                0x00000000100001cc                isr_irq24
                0x00000000100001cc                isr_irq1
                0x00000000100001cc                isr_irq7
                0x00000000100001cc                isr_irq21
                0x00000000100001cc                isr_irq20
                0x00000000100001cc                isr_irq15
                0x00000000100001cc                isr_irq25
                0x00000000100001cc                isr_irq4
                0x00000000100001cc                isr_irq16
                0x00000000100001cc                isr_irq29
                0x00000000100001cc                isr_irq26
                0x00000000100001cc                isr_irq3
                0x00000000100001cc                isr_irq9
                0x00000000100001cc                __unhandled_user_irq
                0x00000000100001cc                isr_irq13
                0x00000000100001cc                isr_irq27
                0x00000000100001cc                isr_irq31
                0x00000000100001cc                isr_irq5
                0x00000000100001cc                isr_irq11
                0x00000000100001cc                isr_irq30
                0x00000000100001cc                isr_irq12
                0x00000000100001d2                unhandled_user_irq_num_in_r0
 *(.binary_info_header)
 .binary_info_header
                0x00000000100001d4       0x14 CMakeFiles/blinky_main.dir/Users/don/Nextcloud/Projects/2021_Lesgooooo/VSCode/donhn.io/pico-sdk/src/rp2_common/pico_standard_link/crt0.S.obj
                0x00000000100001e8                __binary_info_header_end = .
 *(.reset)
 .reset         0x00000000100001e8       0xa8 CMakeFiles/blinky_main.dir/Users/don/Nextcloud/Projects/2021_Lesgooooo/VSCode/donhn.io/pico-sdk/src/rp2_common/pico_standard_link/crt0.S.obj
                0x00000000100001e8                _entry_point
                0x0000000010000266                __get_current_exception
 .reset         0x0000000010000290       0x30 CMakeFiles/blinky_main.dir/Users/don/Nextcloud/Projects/2021_Lesgooooo/VSCode/donhn.io/pico-sdk/src/rp2_common/pico_standard_link/binary_info.c.obj
 *(.init)
 .init          0x00000000100002c0        0x4 /usr/local/Cellar/arm-none-eabi-gcc/9-2019-q4-major/gcc/bin/../lib/gcc/arm-none-eabi/9.2.1/thumb/v6-m/nofp/crti.o
                0x00000000100002c0                _init
 *(EXCLUDE_FILE(*libm.a: *libc.a:*lib_a-mem*.o *libgcc.a:) .text*)
 .text          0x00000000100002c4       0x48 /usr/local/Cellar/arm-none-eabi-gcc/9-2019-q4-major/gcc/bin/../lib/gcc/arm-none-eabi/9.2.1/thumb/v6-m/nofp/crtbegin.o
 .text.main     0x000000001000030c       0x2c CMakeFiles/blinky_main.dir/blinky_main.cpp.obj
                0x000000001000030c                main
 .text.gpio_set_function
                0x0000000010000338       0x30 CMakeFiles/blinky_main.dir/Users/don/Nextcloud/Projects/2021_Lesgooooo/VSCode/donhn.io/pico-sdk/src/rp2_common/hardware_gpio/gpio.c.obj
                0x0000000010000338                gpio_set_function
 .text.gpio_init
                0x0000000010000368       0x16 CMakeFiles/blinky_main.dir/Users/don/Nextcloud/Projects/2021_Lesgooooo/VSCode/donhn.io/pico-sdk/src/rp2_common/hardware_gpio/gpio.c.obj
                0x0000000010000368                gpio_init
 *fill*         0x000000001000037e        0x2 
 .text.hw_claim_lock
                0x0000000010000380       0x18 CMakeFiles/blinky_main.dir/Users/don/Nextcloud/Projects/2021_Lesgooooo/VSCode/donhn.io/pico-sdk/src/rp2_common/hardware_claim/claim.c.obj
                0x0000000010000380                hw_claim_lock
 .text.hw_claim_unlock
                0x0000000010000398       0x14 CMakeFiles/blinky_main.dir/Users/don/Nextcloud/Projects/2021_Lesgooooo/VSCode/donhn.io/pico-sdk/src/rp2_common/hardware_claim/claim.c.obj
                0x0000000010000398                hw_claim_unlock
 .text.hw_claim_or_assert
                0x00000000100003ac       0x36 CMakeFiles/blinky_main.dir/Users/don/Nextcloud/Projects/2021_Lesgooooo/VSCode/donhn.io/pico-sdk/src/rp2_common/hardware_claim/claim.c.obj
                0x00000000100003ac                hw_claim_or_assert
 *fill*         0x00000000100003e2        0x2 
 .text.spin_locks_reset
                0x00000000100003e4       0x20 CMakeFiles/blinky_main.dir/Users/don/Nextcloud/Projects/2021_Lesgooooo/VSCode/donhn.io/pico-sdk/src/rp2_common/hardware_sync/sync.c.obj
                0x00000000100003e4                spin_locks_reset
 .text.next_striped_spin_lock_num
                0x0000000010000404       0x1c CMakeFiles/blinky_main.dir/Users/don/Nextcloud/Projects/2021_Lesgooooo/VSCode/donhn.io/pico-sdk/src/rp2_common/hardware_sync/sync.c.obj
                0x0000000010000404                next_striped_spin_lock_num
 .text.running_on_fpga
                0x0000000010000420       0x14 CMakeFiles/blinky_main.dir/Users/don/Nextcloud/Projects/2021_Lesgooooo/VSCode/donhn.io/pico-sdk/src/rp2_common/pico_platform/platform.c.obj
                0x0000000010000420                running_on_fpga
 .text.sev_callback
                0x0000000010000434        0x8 CMakeFiles/blinky_main.dir/Users/don/Nextcloud/Projects/2021_Lesgooooo/VSCode/donhn.io/pico-sdk/src/common/pico_time/time.c.obj
 .text.alarm_pool_post_alloc_init
                0x000000001000043c       0x40 CMakeFiles/blinky_main.dir/Users/don/Nextcloud/Projects/2021_Lesgooooo/VSCode/donhn.io/pico-sdk/src/common/pico_time/time.c.obj
 .text.timer_pool_entry_comparator
                0x000000001000047c       0x7c CMakeFiles/blinky_main.dir/Users/don/Nextcloud/Projects/2021_Lesgooooo/VSCode/donhn.io/pico-sdk/src/common/pico_time/time.c.obj
                0x000000001000047c                timer_pool_entry_comparator
 .text.ph_add_child_node
                0x00000000100004f8       0xa4 CMakeFiles/blinky_main.dir/Users/don/Nextcloud/Projects/2021_Lesgooooo/VSCode/donhn.io/pico-sdk/src/common/pico_time/time.c.obj
 .text.ph_merge_nodes
                0x000000001000059c       0x3e CMakeFiles/blinky_main.dir/Users/don/Nextcloud/Projects/2021_Lesgooooo/VSCode/donhn.io/pico-sdk/src/common/pico_time/time.c.obj
 *fill*         0x00000000100005da        0x2 
 .text.add_alarm_under_lock
                0x00000000100005dc      0x174 CMakeFiles/blinky_main.dir/Users/don/Nextcloud/Projects/2021_Lesgooooo/VSCode/donhn.io/pico-sdk/src/common/pico_time/time.c.obj
 .text.alarm_pool_alarm_callback
                0x0000000010000750      0x32c CMakeFiles/blinky_main.dir/Users/don/Nextcloud/Projects/2021_Lesgooooo/VSCode/donhn.io/pico-sdk/src/common/pico_time/time.c.obj
 .text.alarm_pool_init_default
                0x0000000010000a7c       0x2c CMakeFiles/blinky_main.dir/Users/don/Nextcloud/Projects/2021_Lesgooooo/VSCode/donhn.io/pico-sdk/src/common/pico_time/time.c.obj
                0x0000000010000a7c                alarm_pool_init_default
 .text.alarm_pool_get_default
                0x0000000010000aa8       0x2c CMakeFiles/blinky_main.dir/Users/don/Nextcloud/Projects/2021_Lesgooooo/VSCode/donhn.io/pico-sdk/src/common/pico_time/time.c.obj
                0x0000000010000aa8                alarm_pool_get_default
 .text.alarm_pool_add_alarm_at
                0x0000000010000ad4      0x170 CMakeFiles/blinky_main.dir/Users/don/Nextcloud/Projects/2021_Lesgooooo/VSCode/donhn.io/pico-sdk/src/common/pico_time/time.c.obj
                0x0000000010000ad4                alarm_pool_add_alarm_at
 .text.sleep_until
                0x0000000010000c44       0xd4 CMakeFiles/blinky_main.dir/Users/don/Nextcloud/Projects/2021_Lesgooooo/VSCode/donhn.io/pico-sdk/src/common/pico_time/time.c.obj
                0x0000000010000c44                sleep_until
 .text.sleep_us
                0x0000000010000d18       0x58 CMakeFiles/blinky_main.dir/Users/don/Nextcloud/Projects/2021_Lesgooooo/VSCode/donhn.io/pico-sdk/src/common/pico_time/time.c.obj
                0x0000000010000d18                sleep_us
 .text.sleep_ms
                0x0000000010000d70       0x14 CMakeFiles/blinky_main.dir/Users/don/Nextcloud/Projects/2021_Lesgooooo/VSCode/donhn.io/pico-sdk/src/common/pico_time/time.c.obj
                0x0000000010000d70                sleep_ms
 .text.hardware_alarm_irq_handler
                0x0000000010000d84       0x8c CMakeFiles/blinky_main.dir/Users/don/Nextcloud/Projects/2021_Lesgooooo/VSCode/donhn.io/pico-sdk/src/rp2_common/hardware_timer/timer.c.obj
 .text.hardware_alarm_claim
                0x0000000010000e10       0x18 CMakeFiles/blinky_main.dir/Users/don/Nextcloud/Projects/2021_Lesgooooo/VSCode/donhn.io/pico-sdk/src/rp2_common/hardware_timer/timer.c.obj
                0x0000000010000e10                hardware_alarm_claim
 .text.time_us_64
                0x0000000010000e28       0x18 CMakeFiles/blinky_main.dir/Users/don/Nextcloud/Projects/2021_Lesgooooo/VSCode/donhn.io/pico-sdk/src/rp2_common/hardware_timer/timer.c.obj
                0x0000000010000e28                time_us_64
 .text.busy_wait_until
                0x0000000010000e40       0x24 CMakeFiles/blinky_main.dir/Users/don/Nextcloud/Projects/2021_Lesgooooo/VSCode/donhn.io/pico-sdk/src/rp2_common/hardware_timer/timer.c.obj
                0x0000000010000e40                busy_wait_until
 .text.hardware_alarm_set_callback
                0x0000000010000e64       0x90 CMakeFiles/blinky_main.dir/Users/don/Nextcloud/Projects/2021_Lesgooooo/VSCode/donhn.io/pico-sdk/src/rp2_common/hardware_timer/timer.c.obj
                0x0000000010000e64                hardware_alarm_set_callback
 .text.hardware_alarm_set_target
                0x0000000010000ef4       0xe8 CMakeFiles/blinky_main.dir/Users/don/Nextcloud/Projects/2021_Lesgooooo/VSCode/donhn.io/pico-sdk/src/rp2_common/hardware_timer/timer.c.obj
                0x0000000010000ef4                hardware_alarm_set_target
 .text.hardware_alarm_cancel
                0x0000000010000fdc       0x40 CMakeFiles/blinky_main.dir/Users/don/Nextcloud/Projects/2021_Lesgooooo/VSCode/donhn.io/pico-sdk/src/rp2_common/hardware_timer/timer.c.obj
                0x0000000010000fdc                hardware_alarm_cancel
 .text.lock_init
                0x000000001000101c       0x10 CMakeFiles/blinky_main.dir/Users/don/Nextcloud/Projects/2021_Lesgooooo/VSCode/donhn.io/pico-sdk/src/common/pico_sync/lock_core.c.obj
                0x000000001000101c                lock_init
 .text.mutex_init
                0x000000001000102c       0x1a CMakeFiles/blinky_main.dir/Users/don/Nextcloud/Projects/2021_Lesgooooo/VSCode/donhn.io/pico-sdk/src/common/pico_sync/mutex.c.obj
                0x000000001000102c                mutex_init
 *fill*         0x0000000010001046        0x2 
 .text.ph_add_child_node
                0x0000000010001048       0xa4 CMakeFiles/blinky_main.dir/Users/don/Nextcloud/Projects/2021_Lesgooooo/VSCode/donhn.io/pico-sdk/src/common/pico_util/pheap.c.obj
 .text.ph_merge_nodes
                0x00000000100010ec       0x3e CMakeFiles/blinky_main.dir/Users/don/Nextcloud/Projects/2021_Lesgooooo/VSCode/donhn.io/pico-sdk/src/common/pico_util/pheap.c.obj
 *fill*         0x000000001000112a        0x2 
 .text.ph_clear
                0x000000001000112c       0x70 CMakeFiles/blinky_main.dir/Users/don/Nextcloud/Projects/2021_Lesgooooo/VSCode/donhn.io/pico-sdk/src/common/pico_util/pheap.c.obj
                0x000000001000112c                ph_clear
 .text.ph_post_alloc_init
                0x000000001000119c        0xe CMakeFiles/blinky_main.dir/Users/don/Nextcloud/Projects/2021_Lesgooooo/VSCode/donhn.io/pico-sdk/src/common/pico_util/pheap.c.obj
                0x000000001000119c                ph_post_alloc_init
 *fill*         0x00000000100011aa        0x2 
 .text.ph_merge_two_pass
                0x00000000100011ac       0xa8 CMakeFiles/blinky_main.dir/Users/don/Nextcloud/Projects/2021_Lesgooooo/VSCode/donhn.io/pico-sdk/src/common/pico_util/pheap.c.obj
                0x00000000100011ac                ph_merge_two_pass
 .text.ph_remove_any_head
                0x0000000010001254      0x108 CMakeFiles/blinky_main.dir/Users/don/Nextcloud/Projects/2021_Lesgooooo/VSCode/donhn.io/pico-sdk/src/common/pico_util/pheap.c.obj
 .text.ph_remove_head
                0x000000001000135c       0x14 CMakeFiles/blinky_main.dir/Users/don/Nextcloud/Projects/2021_Lesgooooo/VSCode/donhn.io/pico-sdk/src/common/pico_util/pheap.c.obj
                0x000000001000135c                ph_remove_head
 .text.ph_remove_and_free_node
                0x0000000010001370       0xf8 CMakeFiles/blinky_main.dir/Users/don/Nextcloud/Projects/2021_Lesgooooo/VSCode/donhn.io/pico-sdk/src/common/pico_util/pheap.c.obj
                0x0000000010001370                ph_remove_and_free_node
 .text.runtime_init
                0x0000000010001468       0xcc CMakeFiles/blinky_main.dir/Users/don/Nextcloud/Projects/2021_Lesgooooo/VSCode/donhn.io/pico-sdk/src/rp2_common/pico_runtime/runtime.c.obj
                0x0000000010001468                runtime_init
 .text._exit    0x0000000010001534        0x4 CMakeFiles/blinky_main.dir/Users/don/Nextcloud/Projects/2021_Lesgooooo/VSCode/donhn.io/pico-sdk/src/rp2_common/pico_runtime/runtime.c.obj
                0x0000000010001534                _exit
 .text.exit     0x0000000010001538        0x6 CMakeFiles/blinky_main.dir/Users/don/Nextcloud/Projects/2021_Lesgooooo/VSCode/donhn.io/pico-sdk/src/rp2_common/pico_runtime/runtime.c.obj
                0x0000000010001538                exit
 *fill*         0x000000001000153e        0x2 
 .text.__assert_func
                0x0000000010001540       0x3c CMakeFiles/blinky_main.dir/Users/don/Nextcloud/Projects/2021_Lesgooooo/VSCode/donhn.io/pico-sdk/src/rp2_common/pico_runtime/runtime.c.obj
                0x0000000010001540                __assert_func
 .text.panic    0x000000001000157c       0x30 CMakeFiles/blinky_main.dir/Users/don/Nextcloud/Projects/2021_Lesgooooo/VSCode/donhn.io/pico-sdk/src/rp2_common/pico_runtime/runtime.c.obj
                0x000000001000157c                panic
 .text.clock_configure
                0x00000000100015ac       0xe8 CMakeFiles/blinky_main.dir/Users/don/Nextcloud/Projects/2021_Lesgooooo/VSCode/donhn.io/pico-sdk/src/rp2_common/hardware_clocks/clocks.c.obj
                0x00000000100015ac                clock_configure
 .text.clocks_init
                0x0000000010001694      0x124 CMakeFiles/blinky_main.dir/Users/don/Nextcloud/Projects/2021_Lesgooooo/VSCode/donhn.io/pico-sdk/src/rp2_common/hardware_clocks/clocks.c.obj
                0x0000000010001694                clocks_init
 .text.watchdog_start_tick
                0x00000000100017b8       0x10 CMakeFiles/blinky_main.dir/Users/don/Nextcloud/Projects/2021_Lesgooooo/VSCode/donhn.io/pico-sdk/src/rp2_common/hardware_watchdog/watchdog.c.obj
                0x00000000100017b8                watchdog_start_tick
 .text.xosc_init
                0x00000000100017c8       0x28 CMakeFiles/blinky_main.dir/Users/don/Nextcloud/Projects/2021_Lesgooooo/VSCode/donhn.io/pico-sdk/src/rp2_common/hardware_xosc/xosc.c.obj
                0x00000000100017c8                xosc_init
 .text.pll_init
                0x00000000100017f0       0xd0 CMakeFiles/blinky_main.dir/Users/don/Nextcloud/Projects/2021_Lesgooooo/VSCode/donhn.io/pico-sdk/src/rp2_common/hardware_pll/pll.c.obj
                0x00000000100017f0                pll_init
 .text.set_raw_irq_handler_and_unlock
                0x00000000100018c0       0x28 CMakeFiles/blinky_main.dir/Users/don/Nextcloud/Projects/2021_Lesgooooo/VSCode/donhn.io/pico-sdk/src/rp2_common/hardware_irq/irq.c.obj
 .text.make_branch
                0x00000000100018e8       0x34 CMakeFiles/blinky_main.dir/Users/don/Nextcloud/Projects/2021_Lesgooooo/VSCode/donhn.io/pico-sdk/src/rp2_common/hardware_irq/irq.c.obj
 .text.insert_branch_and_link
                0x000000001000191c       0x40 CMakeFiles/blinky_main.dir/Users/don/Nextcloud/Projects/2021_Lesgooooo/VSCode/donhn.io/pico-sdk/src/rp2_common/hardware_irq/irq.c.obj
 .text.irq_is_enabled
                0x000000001000195c       0x18 CMakeFiles/blinky_main.dir/Users/don/Nextcloud/Projects/2021_Lesgooooo/VSCode/donhn.io/pico-sdk/src/rp2_common/hardware_irq/irq.c.obj
                0x000000001000195c                irq_is_enabled
 .text.irq_set_mask_enabled
                0x0000000010001974       0x20 CMakeFiles/blinky_main.dir/Users/don/Nextcloud/Projects/2021_Lesgooooo/VSCode/donhn.io/pico-sdk/src/rp2_common/hardware_irq/irq.c.obj
                0x0000000010001974                irq_set_mask_enabled
 .text.irq_set_enabled
                0x0000000010001994        0xe CMakeFiles/blinky_main.dir/Users/don/Nextcloud/Projects/2021_Lesgooooo/VSCode/donhn.io/pico-sdk/src/rp2_common/hardware_irq/irq.c.obj
                0x0000000010001994                irq_set_enabled
 *fill*         0x00000000100019a2        0x2 
 .text.irq_get_vtable_handler
                0x00000000100019a4       0x10 CMakeFiles/blinky_main.dir/Users/don/Nextcloud/Projects/2021_Lesgooooo/VSCode/donhn.io/pico-sdk/src/rp2_common/hardware_irq/irq.c.obj
                0x00000000100019a4                irq_get_vtable_handler
 .text.irq_set_exclusive_handler
                0x00000000100019b4       0x54 CMakeFiles/blinky_main.dir/Users/don/Nextcloud/Projects/2021_Lesgooooo/VSCode/donhn.io/pico-sdk/src/rp2_common/hardware_irq/irq.c.obj
                0x00000000100019b4                irq_set_exclusive_handler
 .text.irq_remove_handler
                0x0000000010001a08      0x1ac CMakeFiles/blinky_main.dir/Users/don/Nextcloud/Projects/2021_Lesgooooo/VSCode/donhn.io/pico-sdk/src/rp2_common/hardware_irq/irq.c.obj
                0x0000000010001a08                irq_remove_handler
 .text.irq_set_priority
                0x0000000010001bb4       0x28 CMakeFiles/blinky_main.dir/Users/don/Nextcloud/Projects/2021_Lesgooooo/VSCode/donhn.io/pico-sdk/src/rp2_common/hardware_irq/irq.c.obj
                0x0000000010001bb4                irq_set_priority
 .text.irq_add_tail_to_free_list
                0x0000000010001bdc       0xf0 CMakeFiles/blinky_main.dir/Users/don/Nextcloud/Projects/2021_Lesgooooo/VSCode/donhn.io/pico-sdk/src/rp2_common/hardware_irq/irq.c.obj
                0x0000000010001bdc                irq_add_tail_to_free_list
 .text.irq_init_priorities
                0x0000000010001ccc       0x16 CMakeFiles/blinky_main.dir/Users/don/Nextcloud/Projects/2021_Lesgooooo/VSCode/donhn.io/pico-sdk/src/rp2_common/hardware_irq/irq.c.obj
                0x0000000010001ccc                irq_init_priorities
 .text._out_null
                0x0000000010001ce2        0x2 CMakeFiles/blinky_main.dir/Users/don/Nextcloud/Projects/2021_Lesgooooo/VSCode/donhn.io/pico-sdk/src/rp2_common/pico_printf/printf.c.obj
 .text._out_fct
                0x0000000010001ce4        0xe CMakeFiles/blinky_main.dir/Users/don/Nextcloud/Projects/2021_Lesgooooo/VSCode/donhn.io/pico-sdk/src/rp2_common/pico_printf/printf.c.obj
 .text._atoi    0x0000000010001cf2       0x24 CMakeFiles/blinky_main.dir/Users/don/Nextcloud/Projects/2021_Lesgooooo/VSCode/donhn.io/pico-sdk/src/rp2_common/pico_printf/printf.c.obj
 .text._out_rev
                0x0000000010001d16       0xae CMakeFiles/blinky_main.dir/Users/don/Nextcloud/Projects/2021_Lesgooooo/VSCode/donhn.io/pico-sdk/src/rp2_common/pico_printf/printf.c.obj
 .text._ntoa_format
                0x0000000010001dc4      0x110 CMakeFiles/blinky_main.dir/Users/don/Nextcloud/Projects/2021_Lesgooooo/VSCode/donhn.io/pico-sdk/src/rp2_common/pico_printf/printf.c.obj
 .text._ntoa_long
                0x0000000010001ed4       0xbc CMakeFiles/blinky_main.dir/Users/don/Nextcloud/Projects/2021_Lesgooooo/VSCode/donhn.io/pico-sdk/src/rp2_common/pico_printf/printf.c.obj
 .text._ntoa_long_long
                0x0000000010001f90       0xe2 CMakeFiles/blinky_main.dir/Users/don/Nextcloud/Projects/2021_Lesgooooo/VSCode/donhn.io/pico-sdk/src/rp2_common/pico_printf/printf.c.obj
 *fill*         0x0000000010002072        0x2 
 .text._etoa    0x0000000010002074      0x40c CMakeFiles/blinky_main.dir/Users/don/Nextcloud/Projects/2021_Lesgooooo/VSCode/donhn.io/pico-sdk/src/rp2_common/pico_printf/printf.c.obj
 .text._ftoa    0x0000000010002480      0x354 CMakeFiles/blinky_main.dir/Users/don/Nextcloud/Projects/2021_Lesgooooo/VSCode/donhn.io/pico-sdk/src/rp2_common/pico_printf/printf.c.obj
 .text._vsnprintf
                0x00000000100027d4      0x628 CMakeFiles/blinky_main.dir/Users/don/Nextcloud/Projects/2021_Lesgooooo/VSCode/donhn.io/pico-sdk/src/rp2_common/pico_printf/printf.c.obj
 .text.vfctprintf
                0x0000000010002dfc       0x20 CMakeFiles/blinky_main.dir/Users/don/Nextcloud/Projects/2021_Lesgooooo/VSCode/donhn.io/pico-sdk/src/rp2_common/pico_printf/printf.c.obj
                0x0000000010002dfc                vfctprintf
 .text          0x0000000010002e1c       0x10 CMakeFiles/blinky_main.dir/Users/don/Nextcloud/Projects/2021_Lesgooooo/VSCode/donhn.io/pico-sdk/src/rp2_common/pico_bit_ops/bit_ops_aeabi.S.obj
 .text.rom_func_lookup
                0x0000000010002e2c       0x10 CMakeFiles/blinky_main.dir/Users/don/Nextcloud/Projects/2021_Lesgooooo/VSCode/donhn.io/pico-sdk/src/rp2_common/pico_bootrom/bootrom.c.obj
                0x0000000010002e2c                rom_func_lookup
 .text.rom_data_lookup
                0x0000000010002e3c       0x10 CMakeFiles/blinky_main.dir/Users/don/Nextcloud/Projects/2021_Lesgooooo/VSCode/donhn.io/pico-sdk/src/rp2_common/pico_bootrom/bootrom.c.obj
                0x0000000010002e3c                rom_data_lookup
 .text.rom_funcs_lookup
                0x0000000010002e4c       0x36 CMakeFiles/blinky_main.dir/Users/don/Nextcloud/Projects/2021_Lesgooooo/VSCode/donhn.io/pico-sdk/src/rp2_common/pico_bootrom/bootrom.c.obj
                0x0000000010002e4c                rom_funcs_lookup
 *fill*         0x0000000010002e82        0x2 
 .text.__wrap___aeabi_idiv
                0x0000000010002e84       0x58 CMakeFiles/blinky_main.dir/Users/don/Nextcloud/Projects/2021_Lesgooooo/VSCode/donhn.io/pico-sdk/src/rp2_common/pico_divider/divider.S.obj
                0x0000000010002e84                __wrap___aeabi_idivmod
                0x0000000010002e84                divmod_s32s32
                0x0000000010002e84                div_s32s32
                0x0000000010002e84                __wrap___aeabi_idiv
                0x0000000010002e8c                divmod_s32s32_unsafe
                0x0000000010002eb8                divmod_s32s32_savestate
 .text.__wrap___aeabi_uidiv
                0x0000000010002edc       0x54 CMakeFiles/blinky_main.dir/Users/don/Nextcloud/Projects/2021_Lesgooooo/VSCode/donhn.io/pico-sdk/src/rp2_common/pico_divider/divider.S.obj
                0x0000000010002edc                __wrap___aeabi_uidiv
                0x0000000010002edc                __wrap___aeabi_uidivmod
                0x0000000010002edc                div_u32u32
                0x0000000010002edc                divmod_u32u32
                0x0000000010002ee4                divmod_u32u32_unsafe
                0x0000000010002f0c                divmod_u32u32_savestate
 .text.__wrap___aeabi_ldiv
                0x0000000010002f30      0x430 CMakeFiles/blinky_main.dir/Users/don/Nextcloud/Projects/2021_Lesgooooo/VSCode/donhn.io/pico-sdk/src/rp2_common/pico_divider/divider.S.obj
                0x0000000010002f30                __wrap___aeabi_ldivmod
                0x0000000010002f30                div_s64s64
                0x0000000010002f30                divmod_s64s64
                0x0000000010002f68                divmod_u64u64
                0x0000000010002f68                div_u64u64
                0x0000000010002f68                __wrap___aeabi_uldivmod
                0x0000000010002f78                divmod_u64u64_savestate
                0x0000000010002fa0                divmod_s64s64_unsafe
                0x0000000010003028                divmod_u64u64_unsafe
 .text.__wrap___aeabi_darithmetic
                0x0000000010003360       0x54 CMakeFiles/blinky_main.dir/Users/don/Nextcloud/Projects/2021_Lesgooooo/VSCode/donhn.io/pico-sdk/src/rp2_common/pico_double/double_aeabi.S.obj
                0x0000000010003360                __wrap___aeabi_drsub
                0x0000000010003366                __wrap___aeabi_dsub
                0x0000000010003378                __wrap___aeabi_dadd
                0x000000001000338a                __wrap___aeabi_ddiv
                0x000000001000339c                __wrap___aeabi_dmul
 .text.__wrap___aeabi_cdcmple
                0x00000000100033b4       0x6c CMakeFiles/blinky_main.dir/Users/don/Nextcloud/Projects/2021_Lesgooooo/VSCode/donhn.io/pico-sdk/src/rp2_common/pico_double/double_aeabi.S.obj
                0x00000000100033b4                __wrap___aeabi_cdrcmple
                0x00000000100033c4                __wrap___aeabi_cdcmple
                0x00000000100033c4                __wrap___aeabi_cdcmpeq
 .text.__wrap___aeabi_dcmplt
                0x0000000010003420        0xc CMakeFiles/blinky_main.dir/Users/don/Nextcloud/Projects/2021_Lesgooooo/VSCode/donhn.io/pico-sdk/src/rp2_common/pico_double/double_aeabi.S.obj
                0x0000000010003420                __wrap___aeabi_dcmplt
 .text.__wrap___aeabi_dcmple
                0x000000001000342c       0x10 CMakeFiles/blinky_main.dir/Users/don/Nextcloud/Projects/2021_Lesgooooo/VSCode/donhn.io/pico-sdk/src/rp2_common/pico_double/double_aeabi.S.obj
                0x000000001000342c                __wrap___aeabi_dcmple
 .text.__wrap___aeabi_dcmpge
                0x000000001000343c       0x10 CMakeFiles/blinky_main.dir/Users/don/Nextcloud/Projects/2021_Lesgooooo/VSCode/donhn.io/pico-sdk/src/rp2_common/pico_double/double_aeabi.S.obj
                0x000000001000343c                __wrap___aeabi_dcmpge
 .text.__wrap___aeabi_dcmpgt
                0x000000001000344c        0xa CMakeFiles/blinky_main.dir/Users/don/Nextcloud/Projects/2021_Lesgooooo/VSCode/donhn.io/pico-sdk/src/rp2_common/pico_double/double_aeabi.S.obj
                0x000000001000344c                __wrap___aeabi_dcmpgt
 .text.__wrap___aeabi_dcmpun
                0x0000000010003456       0x1c CMakeFiles/blinky_main.dir/Users/don/Nextcloud/Projects/2021_Lesgooooo/VSCode/donhn.io/pico-sdk/src/rp2_common/pico_double/double_aeabi.S.obj
                0x0000000010003456                __wrap___aeabi_dcmpun
 *fill*         0x0000000010003472        0x2 
 .text.__wrap___aeabi_i2d
                0x0000000010003474       0x38 CMakeFiles/blinky_main.dir/Users/don/Nextcloud/Projects/2021_Lesgooooo/VSCode/donhn.io/pico-sdk/src/rp2_common/pico_double/double_aeabi.S.obj
                0x0000000010003474                __wrap___aeabi_ui2d
                0x000000001000347c                __wrap___aeabi_i2d
 .text.__wrap___aeabi_d2iz
                0x00000000100034ac       0x48 CMakeFiles/blinky_main.dir/Users/don/Nextcloud/Projects/2021_Lesgooooo/VSCode/donhn.io/pico-sdk/src/rp2_common/pico_double/double_aeabi.S.obj
                0x00000000100034ac                __wrap___aeabi_d2iz
                0x00000000100034ac                double2int_z
 .text.__wrap___aeabi_d2uiz
                0x00000000100034f4       0x18 CMakeFiles/blinky_main.dir/Users/don/Nextcloud/Projects/2021_Lesgooooo/VSCode/donhn.io/pico-sdk/src/rp2_common/pico_double/double_aeabi.S.obj
                0x00000000100034f4                double2uint
                0x00000000100034f4                __wrap___aeabi_d2uiz
 .text.__aeabi_double_init
                0x000000001000350c       0xb4 CMakeFiles/blinky_main.dir/Users/don/Nextcloud/Projects/2021_Lesgooooo/VSCode/donhn.io/pico-sdk/src/rp2_common/pico_double/double_init_rom.c.obj
                0x000000001000350c                __aeabi_double_init
 .text.double_table_shim_on_use_helper
                0x00000000100035c0       0x34 CMakeFiles/blinky_main.dir/Users/don/Nextcloud/Projects/2021_Lesgooooo/VSCode/donhn.io/pico-sdk/src/rp2_common/pico_double/double_v1_rom_shim.S.obj
                0x00000000100035c0                double_table_shim_on_use_helper
 .text.__wrap___aeabi_dsub
                0x00000000100035f4       0x10 CMakeFiles/blinky_main.dir/Users/don/Nextcloud/Projects/2021_Lesgooooo/VSCode/donhn.io/pico-sdk/src/rp2_common/pico_double/double_v1_rom_shim.S.obj
                0x00000000100035f4                drsub_shim
                0x00000000100035fa                dsub_shim
 .text.dadd_shim
                0x0000000010003604      0x15c CMakeFiles/blinky_main.dir/Users/don/Nextcloud/Projects/2021_Lesgooooo/VSCode/donhn.io/pico-sdk/src/rp2_common/pico_double/double_v1_rom_shim.S.obj
                0x0000000010003604                dadd_shim
 .text.dmul_shim
                0x0000000010003760      0x15c CMakeFiles/blinky_main.dir/Users/don/Nextcloud/Projects/2021_Lesgooooo/VSCode/donhn.io/pico-sdk/src/rp2_common/pico_double/double_v1_rom_shim.S.obj
                0x0000000010003760                dmul_shim
 .text.ddiv_shim
                0x00000000100038bc      0x1b0 CMakeFiles/blinky_main.dir/Users/don/Nextcloud/Projects/2021_Lesgooooo/VSCode/donhn.io/pico-sdk/src/rp2_common/pico_double/double_v1_rom_shim.S.obj
                0x00000000100038bc                ddiv_shim
 .text.dcordic_rot_step
                0x0000000010003a6c       0x7c CMakeFiles/blinky_main.dir/Users/don/Nextcloud/Projects/2021_Lesgooooo/VSCode/donhn.io/pico-sdk/src/rp2_common/pico_double/double_v1_rom_shim.S.obj
                0x0000000010003a6c                dcordic_rot_step
 .text.double2uint_shim
                0x0000000010003ae8        0xe CMakeFiles/blinky_main.dir/Users/don/Nextcloud/Projects/2021_Lesgooooo/VSCode/donhn.io/pico-sdk/src/rp2_common/pico_double/double_v1_rom_shim.S.obj
                0x0000000010003ae8                double2uint_shim
                0x0000000010003aea                double2ufix_shim
 *fill*         0x0000000010003af6        0x2 
 .text.double2uint64_shim
                0x0000000010003af8       0x6c CMakeFiles/blinky_main.dir/Users/don/Nextcloud/Projects/2021_Lesgooooo/VSCode/donhn.io/pico-sdk/src/rp2_common/pico_double/double_v1_rom_shim.S.obj
                0x0000000010003af8                double2uint64_shim
                0x0000000010003afa                double2ufix64_shim
                0x0000000010003b14                d2fix_a
 .text.dunpacks
                0x0000000010003b64       0x3c CMakeFiles/blinky_main.dir/Users/don/Nextcloud/Projects/2021_Lesgooooo/VSCode/donhn.io/pico-sdk/src/rp2_common/pico_double/double_v1_rom_shim.S.obj
                0x0000000010003b64                dunpacks
 .text.__aeabi_lmul
                0x0000000010003ba0       0x32 CMakeFiles/blinky_main.dir/Users/don/Nextcloud/Projects/2021_Lesgooooo/VSCode/donhn.io/pico-sdk/src/rp2_common/pico_int64_ops/pico_int64_ops_aeabi.S.obj
                0x0000000010003ba0                __wrap___aeabi_lmul
 *fill*         0x0000000010003bd2        0x2 
 .text.__aeabi_float_init
                0x0000000010003bd4       0xfc CMakeFiles/blinky_main.dir/Users/don/Nextcloud/Projects/2021_Lesgooooo/VSCode/donhn.io/pico-sdk/src/rp2_common/pico_float/float_init_rom.c.obj
                0x0000000010003bd4                __aeabi_float_init
 .text.float_table_shim_on_use_helper
                0x0000000010003cd0       0x34 CMakeFiles/blinky_main.dir/Users/don/Nextcloud/Projects/2021_Lesgooooo/VSCode/donhn.io/pico-sdk/src/rp2_common/pico_float/float_v1_rom_shim.S.obj
                0x0000000010003cd0                float_table_shim_on_use_helper
 .text          0x0000000010003d04       0x10 CMakeFiles/blinky_main.dir/Users/don/Nextcloud/Projects/2021_Lesgooooo/VSCode/donhn.io/pico-sdk/src/rp2_common/pico_mem_ops/mem_ops_aeabi.S.obj
                0x0000000010003d04                __aeabi_mem_init
 .text.memset   0x0000000010003d14        0xc CMakeFiles/blinky_main.dir/Users/don/Nextcloud/Projects/2021_Lesgooooo/VSCode/donhn.io/pico-sdk/src/rp2_common/pico_mem_ops/mem_ops_aeabi.S.obj
                0x0000000010003d14                __wrap_memset
 .text.memcpy   0x0000000010003d20        0xc CMakeFiles/blinky_main.dir/Users/don/Nextcloud/Projects/2021_Lesgooooo/VSCode/donhn.io/pico-sdk/src/rp2_common/pico_mem_ops/mem_ops_aeabi.S.obj
                0x0000000010003d20                __wrap___aeabi_memcpy
                0x0000000010003d20                __wrap_memcpy
 .text.stdio_out_chars_crlf
                0x0000000010003d2c       0x80 CMakeFiles/blinky_main.dir/Users/don/Nextcloud/Projects/2021_Lesgooooo/VSCode/donhn.io/pico-sdk/src/rp2_common/pico_stdio/stdio.c.obj
 .text.stdio_stack_buffer_flush
                0x0000000010003dac       0x44 CMakeFiles/blinky_main.dir/Users/don/Nextcloud/Projects/2021_Lesgooooo/VSCode/donhn.io/pico-sdk/src/rp2_common/pico_stdio/stdio.c.obj
 .text.stdio_buffered_printer
                0x0000000010003df0       0x20 CMakeFiles/blinky_main.dir/Users/don/Nextcloud/Projects/2021_Lesgooooo/VSCode/donhn.io/pico-sdk/src/rp2_common/pico_stdio/stdio.c.obj
 .text.stdout_serialize_begin
                0x0000000010003e10       0x2c CMakeFiles/blinky_main.dir/Users/don/Nextcloud/Projects/2021_Lesgooooo/VSCode/donhn.io/pico-sdk/src/rp2_common/pico_stdio/stdio.c.obj
                0x0000000010003e10                stdout_serialize_begin
 .text.stdout_serialize_end
                0x0000000010003e3c       0x10 CMakeFiles/blinky_main.dir/Users/don/Nextcloud/Projects/2021_Lesgooooo/VSCode/donhn.io/pico-sdk/src/rp2_common/pico_stdio/stdio.c.obj
                0x0000000010003e3c                stdout_serialize_end
 .text.stdio_put_string
                0x0000000010003e4c       0x84 CMakeFiles/blinky_main.dir/Users/don/Nextcloud/Projects/2021_Lesgooooo/VSCode/donhn.io/pico-sdk/src/rp2_common/pico_stdio/stdio.c.obj
 .text.stdio_flush
                0x0000000010003ed0       0x20 CMakeFiles/blinky_main.dir/Users/don/Nextcloud/Projects/2021_Lesgooooo/VSCode/donhn.io/pico-sdk/src/rp2_common/pico_stdio/stdio.c.obj
                0x0000000010003ed0                stdio_flush
 .text.__wrap_puts
                0x0000000010003ef0       0x1c CMakeFiles/blinky_main.dir/Users/don/Nextcloud/Projects/2021_Lesgooooo/VSCode/donhn.io/pico-sdk/src/rp2_common/pico_stdio/stdio.c.obj
                0x0000000010003ef0                __wrap_puts
 .text.__wrap_vprintf
                0x0000000010003f0c       0x44 CMakeFiles/blinky_main.dir/Users/don/Nextcloud/Projects/2021_Lesgooooo/VSCode/donhn.io/pico-sdk/src/rp2_common/pico_stdio/stdio.c.obj
                0x0000000010003f0c                __wrap_vprintf
 .text.__wrap_printf
                0x0000000010003f50       0x18 CMakeFiles/blinky_main.dir/Users/don/Nextcloud/Projects/2021_Lesgooooo/VSCode/donhn.io/pico-sdk/src/rp2_common/pico_stdio/stdio.c.obj
                0x0000000010003f50                __wrap_printf
 .text.strlen   0x0000000010003f68       0x5c /usr/local/Cellar/arm-none-eabi-gcc/9-2019-q4-major/gcc/bin/../lib/gcc/arm-none-eabi/9.2.1/../../../../arm-none-eabi/lib/thumb/v6-m/nofp/libg.a(lib_a-strlen-stub.o)
                0x0000000010003f68                strlen
 *(.fini)
 .fini          0x0000000010003fc4        0x4 /usr/local/Cellar/arm-none-eabi-gcc/9-2019-q4-major/gcc/bin/../lib/gcc/arm-none-eabi/9.2.1/thumb/v6-m/nofp/crti.o
                0x0000000010003fc4                _fini
 .fini.__stub   0x0000000010003fc8       0x50 linker stubs
 *crtbegin.o(.ctors)
 *crtbegin?.o(.ctors)
 *(EXCLUDE_FILE(*crtend.o *crtend?.o) .ctors)
 *(SORT_BY_NAME(.ctors.*))
 *(.ctors)
 *crtbegin.o(.dtors)
 *crtbegin?.o(.dtors)
 *(EXCLUDE_FILE(*crtend.o *crtend?.o) .dtors)
 *(SORT_BY_NAME(.dtors.*))
 *(.dtors)
 *(.eh_frame*)
 .eh_frame      0x0000000010004018        0x0 /usr/local/Cellar/arm-none-eabi-gcc/9-2019-q4-major/gcc/bin/../lib/gcc/arm-none-eabi/9.2.1/thumb/v6-m/nofp/crtbegin.o
                0x0000000010004018                . = ALIGN (0x4)

.glue_7         0x0000000010004018        0x0
 .glue_7        0x0000000010004018        0x0 linker stubs

.glue_7t        0x0000000010004018        0x0
 .glue_7t       0x0000000010004018        0x0 linker stubs

.vfp11_veneer   0x0000000010004018        0x0
 .vfp11_veneer  0x0000000010004018        0x0 linker stubs

.v4_bx          0x0000000010004018        0x0
 .v4_bx         0x0000000010004018        0x0 linker stubs

.iplt           0x0000000010004018        0x0
 .iplt          0x0000000010004018        0x0 /usr/local/Cellar/arm-none-eabi-gcc/9-2019-q4-major/gcc/bin/../lib/gcc/arm-none-eabi/9.2.1/thumb/v6-m/nofp/crtbegin.o

.rodata         0x0000000010004018      0xf44
 *(EXCLUDE_FILE(*libm.a: *libc.a:*lib_a-mem*.o *libgcc.a:) .rodata*)
 .rodata.repeating_timer_callback.str1.4
                0x0000000010004018       0x76 CMakeFiles/blinky_main.dir/Users/don/Nextcloud/Projects/2021_Lesgooooo/VSCode/donhn.io/pico-sdk/src/common/pico_time/time.c.obj
 *fill*         0x000000001000408e        0x2 
 .rodata.alarm_pool_dump_key.str1.4
                0x0000000010004090       0x33 CMakeFiles/blinky_main.dir/Users/don/Nextcloud/Projects/2021_Lesgooooo/VSCode/donhn.io/pico-sdk/src/common/pico_time/time.c.obj
 *fill*         0x00000000100040c3        0x1 
 .rodata.ph_add_child_node.str1.4
                0x00000000100040c4       0xc2 CMakeFiles/blinky_main.dir/Users/don/Nextcloud/Projects/2021_Lesgooooo/VSCode/donhn.io/pico-sdk/src/common/pico_time/time.c.obj
 *fill*         0x0000000010004186        0x2 
 .rodata.add_alarm_under_lock.str1.4
                0x0000000010004188       0x28 CMakeFiles/blinky_main.dir/Users/don/Nextcloud/Projects/2021_Lesgooooo/VSCode/donhn.io/pico-sdk/src/common/pico_time/time.c.obj
                                         0x2b (size before relaxing)
 .rodata.alarm_pool_alarm_callback.str1.4
                0x00000000100041b0      0x10e CMakeFiles/blinky_main.dir/Users/don/Nextcloud/Projects/2021_Lesgooooo/VSCode/donhn.io/pico-sdk/src/common/pico_time/time.c.obj
 *fill*         0x00000000100042be        0x2 
 .rodata.alarm_pool_get_default.str1.4
                0x00000000100042c0       0x21 CMakeFiles/blinky_main.dir/Users/don/Nextcloud/Projects/2021_Lesgooooo/VSCode/donhn.io/pico-sdk/src/common/pico_time/time.c.obj
 *fill*         0x00000000100042e1        0x3 
 .rodata.sleep_until.str1.4
                0x00000000100042e4       0x4d CMakeFiles/blinky_main.dir/Users/don/Nextcloud/Projects/2021_Lesgooooo/VSCode/donhn.io/pico-sdk/src/common/pico_time/time.c.obj
 *fill*         0x0000000010004331        0x3 
 .rodata.__func__.5644
                0x0000000010004334       0x15 CMakeFiles/blinky_main.dir/Users/don/Nextcloud/Projects/2021_Lesgooooo/VSCode/donhn.io/pico-sdk/src/common/pico_time/time.c.obj
 *fill*         0x0000000010004349        0x3 
 .rodata.__func__.5941
                0x000000001000434c        0xc CMakeFiles/blinky_main.dir/Users/don/Nextcloud/Projects/2021_Lesgooooo/VSCode/donhn.io/pico-sdk/src/common/pico_time/time.c.obj
 .rodata.__func__.5948
                0x0000000010004358       0x12 CMakeFiles/blinky_main.dir/Users/don/Nextcloud/Projects/2021_Lesgooooo/VSCode/donhn.io/pico-sdk/src/common/pico_time/time.c.obj
 *fill*         0x000000001000436a        0x2 
 .rodata.__func__.5964
                0x000000001000436c        0xf CMakeFiles/blinky_main.dir/Users/don/Nextcloud/Projects/2021_Lesgooooo/VSCode/donhn.io/pico-sdk/src/common/pico_time/time.c.obj
 *fill*         0x000000001000437b        0x1 
 .rodata.__func__.5986
                0x000000001000437c        0xd CMakeFiles/blinky_main.dir/Users/don/Nextcloud/Projects/2021_Lesgooooo/VSCode/donhn.io/pico-sdk/src/common/pico_time/time.c.obj
 *fill*         0x0000000010004389        0x3 
 .rodata.__func__.6105
                0x000000001000438c        0xa CMakeFiles/blinky_main.dir/Users/don/Nextcloud/Projects/2021_Lesgooooo/VSCode/donhn.io/pico-sdk/src/common/pico_time/time.c.obj
 *fill*         0x0000000010004396        0x2 
 .rodata.__func__.6110
                0x0000000010004398       0x12 CMakeFiles/blinky_main.dir/Users/don/Nextcloud/Projects/2021_Lesgooooo/VSCode/donhn.io/pico-sdk/src/common/pico_time/time.c.obj
 *fill*         0x00000000100043aa        0x2 
 .rodata.__func__.6125
                0x00000000100043ac       0x17 CMakeFiles/blinky_main.dir/Users/don/Nextcloud/Projects/2021_Lesgooooo/VSCode/donhn.io/pico-sdk/src/common/pico_time/time.c.obj
 *fill*         0x00000000100043c3        0x1 
 .rodata.__func__.6136
                0x00000000100043c4       0x15 CMakeFiles/blinky_main.dir/Users/don/Nextcloud/Projects/2021_Lesgooooo/VSCode/donhn.io/pico-sdk/src/common/pico_time/time.c.obj
 *fill*         0x00000000100043d9        0x3 
 .rodata.__func__.6153
                0x00000000100043dc       0x1a CMakeFiles/blinky_main.dir/Users/don/Nextcloud/Projects/2021_Lesgooooo/VSCode/donhn.io/pico-sdk/src/common/pico_time/time.c.obj
 *fill*         0x00000000100043f6        0x2 
 .rodata.hardware_alarm_claim.str1.4
                0x00000000100043f8       0x22 CMakeFiles/blinky_main.dir/Users/don/Nextcloud/Projects/2021_Lesgooooo/VSCode/donhn.io/pico-sdk/src/rp2_common/hardware_timer/timer.c.obj
 *fill*         0x000000001000441a        0x2 
 .rodata.hardware_alarm_set_target.str1.4
                0x000000001000441c       0x90 CMakeFiles/blinky_main.dir/Users/don/Nextcloud/Projects/2021_Lesgooooo/VSCode/donhn.io/pico-sdk/src/rp2_common/hardware_timer/timer.c.obj
 .rodata.__func__.4537
                0x00000000100044ac       0x1a CMakeFiles/blinky_main.dir/Users/don/Nextcloud/Projects/2021_Lesgooooo/VSCode/donhn.io/pico-sdk/src/rp2_common/hardware_timer/timer.c.obj
 *fill*         0x00000000100044c6        0x2 
 .rodata.str1.4
                0x00000000100044c8       0x88 CMakeFiles/blinky_main.dir/Users/don/Nextcloud/Projects/2021_Lesgooooo/VSCode/donhn.io/pico-sdk/src/common/pico_sync/mutex.c.obj
                                        0x114 (size before relaxing)
 .rodata.__func__.4592
                0x0000000010004550       0x15 CMakeFiles/blinky_main.dir/Users/don/Nextcloud/Projects/2021_Lesgooooo/VSCode/donhn.io/pico-sdk/src/common/pico_sync/mutex.c.obj
 *fill*         0x0000000010004565        0x3 
 .rodata.__func__.4620
                0x0000000010004568        0xb CMakeFiles/blinky_main.dir/Users/don/Nextcloud/Projects/2021_Lesgooooo/VSCode/donhn.io/pico-sdk/src/common/pico_sync/mutex.c.obj
 .rodata.ph_add_child_node.str1.4
                0x0000000010004573       0xc2 CMakeFiles/blinky_main.dir/Users/don/Nextcloud/Projects/2021_Lesgooooo/VSCode/donhn.io/pico-sdk/src/common/pico_util/pheap.c.obj
 *fill*         0x0000000010004573        0x1 
 .rodata.ph_remove_any_head.str1.4
                0x0000000010004574       0xb8 CMakeFiles/blinky_main.dir/Users/don/Nextcloud/Projects/2021_Lesgooooo/VSCode/donhn.io/pico-sdk/src/common/pico_util/pheap.c.obj
 .rodata.ph_remove_and_free_node.str1.4
                0x000000001000462c       0x26 CMakeFiles/blinky_main.dir/Users/don/Nextcloud/Projects/2021_Lesgooooo/VSCode/donhn.io/pico-sdk/src/common/pico_util/pheap.c.obj
 *fill*         0x0000000010004652        0x2 
 .rodata.__func__.5717
                0x0000000010004654        0xc CMakeFiles/blinky_main.dir/Users/don/Nextcloud/Projects/2021_Lesgooooo/VSCode/donhn.io/pico-sdk/src/common/pico_util/pheap.c.obj
 .rodata.__func__.5724
                0x0000000010004660       0x12 CMakeFiles/blinky_main.dir/Users/don/Nextcloud/Projects/2021_Lesgooooo/VSCode/donhn.io/pico-sdk/src/common/pico_util/pheap.c.obj
 *fill*         0x0000000010004672        0x2 
 .rodata.__func__.5810
                0x0000000010004674       0x13 CMakeFiles/blinky_main.dir/Users/don/Nextcloud/Projects/2021_Lesgooooo/VSCode/donhn.io/pico-sdk/src/common/pico_util/pheap.c.obj
 *fill*         0x0000000010004687        0x1 
 .rodata.__func__.5828
                0x0000000010004688       0x18 CMakeFiles/blinky_main.dir/Users/don/Nextcloud/Projects/2021_Lesgooooo/VSCode/donhn.io/pico-sdk/src/common/pico_util/pheap.c.obj
 .rodata.__assert_func.str1.4
                0x00000000100046a0       0x3f CMakeFiles/blinky_main.dir/Users/don/Nextcloud/Projects/2021_Lesgooooo/VSCode/donhn.io/pico-sdk/src/rp2_common/pico_runtime/runtime.c.obj
                                         0x43 (size before relaxing)
 *fill*         0x00000000100046df        0x1 
 .rodata.panic.str1.4
                0x00000000100046e0       0x12 CMakeFiles/blinky_main.dir/Users/don/Nextcloud/Projects/2021_Lesgooooo/VSCode/donhn.io/pico-sdk/src/rp2_common/pico_runtime/runtime.c.obj
 *fill*         0x00000000100046f2        0x2 
 .rodata.clock_configure.str1.4
                0x00000000100046f4       0x82 CMakeFiles/blinky_main.dir/Users/don/Nextcloud/Projects/2021_Lesgooooo/VSCode/donhn.io/pico-sdk/src/rp2_common/hardware_clocks/clocks.c.obj
 *fill*         0x0000000010004776        0x2 
 .rodata.__func__.4657
                0x0000000010004778       0x10 CMakeFiles/blinky_main.dir/Users/don/Nextcloud/Projects/2021_Lesgooooo/VSCode/donhn.io/pico-sdk/src/rp2_common/hardware_clocks/clocks.c.obj
 .rodata.pll_init.str1.4
                0x0000000010004788      0x103 CMakeFiles/blinky_main.dir/Users/don/Nextcloud/Projects/2021_Lesgooooo/VSCode/donhn.io/pico-sdk/src/rp2_common/hardware_pll/pll.c.obj
 *fill*         0x000000001000488b        0x1 
 .rodata.__func__.4387
                0x000000001000488c        0x9 CMakeFiles/blinky_main.dir/Users/don/Nextcloud/Projects/2021_Lesgooooo/VSCode/donhn.io/pico-sdk/src/rp2_common/hardware_pll/pll.c.obj
 *fill*         0x0000000010004895        0x3 
 .rodata.make_branch.str1.4
                0x0000000010004898       0x78 CMakeFiles/blinky_main.dir/Users/don/Nextcloud/Projects/2021_Lesgooooo/VSCode/donhn.io/pico-sdk/src/rp2_common/hardware_irq/irq.c.obj
 .rodata.irq_set_exclusive_handler.str1.4
                0x0000000010004910       0x36 CMakeFiles/blinky_main.dir/Users/don/Nextcloud/Projects/2021_Lesgooooo/VSCode/donhn.io/pico-sdk/src/rp2_common/hardware_irq/irq.c.obj
 *fill*         0x0000000010004946        0x2 
 .rodata.irq_add_shared_handler.str1.4
                0x0000000010004948       0xd9 CMakeFiles/blinky_main.dir/Users/don/Nextcloud/Projects/2021_Lesgooooo/VSCode/donhn.io/pico-sdk/src/rp2_common/hardware_irq/irq.c.obj
 *fill*         0x0000000010004a21        0x3 
 .rodata.irq_remove_handler.str1.4
                0x0000000010004a24       0x2a CMakeFiles/blinky_main.dir/Users/don/Nextcloud/Projects/2021_Lesgooooo/VSCode/donhn.io/pico-sdk/src/rp2_common/hardware_irq/irq.c.obj
 *fill*         0x0000000010004a4e        0x2 
 .rodata.irq_add_tail_to_free_list.str1.4
                0x0000000010004a50       0x32 CMakeFiles/blinky_main.dir/Users/don/Nextcloud/Projects/2021_Lesgooooo/VSCode/donhn.io/pico-sdk/src/rp2_common/hardware_irq/irq.c.obj
                                         0x3a (size before relaxing)
 *fill*         0x0000000010004a82        0x2 
 .rodata.__func__.4496
                0x0000000010004a84       0x1a CMakeFiles/blinky_main.dir/Users/don/Nextcloud/Projects/2021_Lesgooooo/VSCode/donhn.io/pico-sdk/src/rp2_common/hardware_irq/irq.c.obj
 *fill*         0x0000000010004a9e        0x2 
 .rodata.__func__.4510
                0x0000000010004aa0        0xc CMakeFiles/blinky_main.dir/Users/don/Nextcloud/Projects/2021_Lesgooooo/VSCode/donhn.io/pico-sdk/src/rp2_common/hardware_irq/irq.c.obj
 .rodata.__func__.4518
                0x0000000010004aac       0x17 CMakeFiles/blinky_main.dir/Users/don/Nextcloud/Projects/2021_Lesgooooo/VSCode/donhn.io/pico-sdk/src/rp2_common/hardware_irq/irq.c.obj
 *fill*         0x0000000010004ac3        0x1 
 .rodata.__func__.4522
                0x0000000010004ac4        0xf CMakeFiles/blinky_main.dir/Users/don/Nextcloud/Projects/2021_Lesgooooo/VSCode/donhn.io/pico-sdk/src/rp2_common/hardware_irq/irq.c.obj
 *fill*         0x0000000010004ad3        0x1 
 .rodata.__func__.4561
                0x0000000010004ad4       0x13 CMakeFiles/blinky_main.dir/Users/don/Nextcloud/Projects/2021_Lesgooooo/VSCode/donhn.io/pico-sdk/src/rp2_common/hardware_irq/irq.c.obj
 *fill*         0x0000000010004ae7        0x1 
 .rodata.__func__.4580
                0x0000000010004ae8       0x1a CMakeFiles/blinky_main.dir/Users/don/Nextcloud/Projects/2021_Lesgooooo/VSCode/donhn.io/pico-sdk/src/rp2_common/hardware_irq/irq.c.obj
 *fill*         0x0000000010004b02        0x2 
 .rodata._ftoa.str1.4
                0x0000000010004b04       0x15 CMakeFiles/blinky_main.dir/Users/don/Nextcloud/Projects/2021_Lesgooooo/VSCode/donhn.io/pico-sdk/src/rp2_common/pico_printf/printf.c.obj
 *fill*         0x0000000010004b19        0x3 
 .rodata._vsnprintf
                0x0000000010004b1c      0x1e0 CMakeFiles/blinky_main.dir/Users/don/Nextcloud/Projects/2021_Lesgooooo/VSCode/donhn.io/pico-sdk/src/rp2_common/pico_printf/printf.c.obj
 *fill*         0x0000000010004cfc        0x4 
 .rodata.pow10.5431
                0x0000000010004d00       0x50 CMakeFiles/blinky_main.dir/Users/don/Nextcloud/Projects/2021_Lesgooooo/VSCode/donhn.io/pico-sdk/src/rp2_common/pico_printf/printf.c.obj
 .rodata.__aeabi_double_init.str1.4
                0x0000000010004d50       0xd3 CMakeFiles/blinky_main.dir/Users/don/Nextcloud/Projects/2021_Lesgooooo/VSCode/donhn.io/pico-sdk/src/rp2_common/pico_double/double_init_rom.c.obj
 *fill*         0x0000000010004e23        0x1 
 .rodata.__func__.4690
                0x0000000010004e24       0x14 CMakeFiles/blinky_main.dir/Users/don/Nextcloud/Projects/2021_Lesgooooo/VSCode/donhn.io/pico-sdk/src/rp2_common/pico_double/double_init_rom.c.obj
 .rodata.__aeabi_float_init.str1.4
                0x0000000010004e38       0xa5 CMakeFiles/blinky_main.dir/Users/don/Nextcloud/Projects/2021_Lesgooooo/VSCode/donhn.io/pico-sdk/src/rp2_common/pico_float/float_init_rom.c.obj
                                         0xa9 (size before relaxing)
 *fill*         0x0000000010004edd        0x3 
 .rodata.__func__.4692
                0x0000000010004ee0       0x13 CMakeFiles/blinky_main.dir/Users/don/Nextcloud/Projects/2021_Lesgooooo/VSCode/donhn.io/pico-sdk/src/rp2_common/pico_float/float_init_rom.c.obj
 *fill*         0x0000000010004ef3        0x1 
 .rodata.str1.4
                0x0000000010004ef4       0x40 CMakeFiles/blinky_main.dir/Users/don/Nextcloud/Projects/2021_Lesgooooo/VSCode/donhn.io/pico-sdk/src/rp2_common/pico_standard_link/binary_info.c.obj
 .rodata.__bi_44
                0x0000000010004f34        0xc CMakeFiles/blinky_main.dir/Users/don/Nextcloud/Projects/2021_Lesgooooo/VSCode/donhn.io/pico-sdk/src/rp2_common/pico_standard_link/binary_info.c.obj
 .rodata.__bi_75
                0x0000000010004f40        0xc CMakeFiles/blinky_main.dir/Users/don/Nextcloud/Projects/2021_Lesgooooo/VSCode/donhn.io/pico-sdk/src/rp2_common/pico_standard_link/binary_info.c.obj
 .rodata.__bi_81
                0x0000000010004f4c        0xc CMakeFiles/blinky_main.dir/Users/don/Nextcloud/Projects/2021_Lesgooooo/VSCode/donhn.io/pico-sdk/src/rp2_common/pico_standard_link/binary_info.c.obj
 .rodata.crlf_str.6002
                0x0000000010004f58        0x2 CMakeFiles/blinky_main.dir/Users/don/Nextcloud/Projects/2021_Lesgooooo/VSCode/donhn.io/pico-sdk/src/rp2_common/pico_stdio/stdio.c.obj
                0x0000000010004f5c                . = ALIGN (0x4)
 *fill*         0x0000000010004f5a        0x2 
 *(SORT_BY_ALIGNMENT(SORT_BY_NAME(.flashdata*)))
                0x0000000010004f5c                . = ALIGN (0x4)

.rel.dyn        0x0000000010004f5c        0x0
 .rel.iplt      0x0000000010004f5c        0x0 /usr/local/Cellar/arm-none-eabi-gcc/9-2019-q4-major/gcc/bin/../lib/gcc/arm-none-eabi/9.2.1/thumb/v6-m/nofp/crtbegin.o

.ARM.extab
 *(.ARM.extab* .gnu.linkonce.armextab.*)
                0x0000000010004f5c                __exidx_start = .

.ARM.exidx
 *(.ARM.exidx* .gnu.linkonce.armexidx.*)
                0x0000000010004f5c                __exidx_end = .
                0x0000000010004f5c                . = ALIGN (0x4)
                0x0000000010004f5c                __binary_info_start = .

.binary_info    0x0000000010004f5c       0x1c
 *(.binary_info.keep.*)
 .binary_info.keep.__bi_ptr22
                0x0000000010004f5c        0x4 CMakeFiles/blinky_main.dir/Users/don/Nextcloud/Projects/2021_Lesgooooo/VSCode/donhn.io/pico-sdk/src/rp2_common/pico_standard_link/binary_info.c.obj
 .binary_info.keep.__bi_ptr30
                0x0000000010004f60        0x4 CMakeFiles/blinky_main.dir/Users/don/Nextcloud/Projects/2021_Lesgooooo/VSCode/donhn.io/pico-sdk/src/rp2_common/pico_standard_link/binary_info.c.obj
 .binary_info.keep.__bi_ptr38
                0x0000000010004f64        0x4 CMakeFiles/blinky_main.dir/Users/don/Nextcloud/Projects/2021_Lesgooooo/VSCode/donhn.io/pico-sdk/src/rp2_common/pico_standard_link/binary_info.c.obj
 .binary_info.keep.__bi_ptr44
                0x0000000010004f68        0x4 CMakeFiles/blinky_main.dir/Users/don/Nextcloud/Projects/2021_Lesgooooo/VSCode/donhn.io/pico-sdk/src/rp2_common/pico_standard_link/binary_info.c.obj
 .binary_info.keep.__bi_ptr50
                0x0000000010004f6c        0x4 CMakeFiles/blinky_main.dir/Users/don/Nextcloud/Projects/2021_Lesgooooo/VSCode/donhn.io/pico-sdk/src/rp2_common/pico_standard_link/binary_info.c.obj
 .binary_info.keep.__bi_ptr75
                0x0000000010004f70        0x4 CMakeFiles/blinky_main.dir/Users/don/Nextcloud/Projects/2021_Lesgooooo/VSCode/donhn.io/pico-sdk/src/rp2_common/pico_standard_link/binary_info.c.obj
 .binary_info.keep.__bi_ptr81
                0x0000000010004f74        0x4 CMakeFiles/blinky_main.dir/Users/don/Nextcloud/Projects/2021_Lesgooooo/VSCode/donhn.io/pico-sdk/src/rp2_common/pico_standard_link/binary_info.c.obj
 *(.binary_info.*)
                0x0000000010004f78                __binary_info_end = .
                0x0000000010004f78                . = ALIGN (0x4)
                0x0000000010004f78                __etext = .

.ram_vector_table
                0x0000000020000000       0xc0
 *(.ram_vector_table)
 .ram_vector_table
                0x0000000020000000       0xc0 CMakeFiles/blinky_main.dir/Users/don/Nextcloud/Projects/2021_Lesgooooo/VSCode/donhn.io/pico-sdk/src/rp2_common/pico_runtime/runtime.c.obj
                0x0000000020000000                ram_vector_table

.data           0x00000000200000c0      0x1cc load address 0x0000000010004f78
                0x00000000200000c0                __data_start__ = .
 *(vtable)
 *(.time_critical*)
 .time_critical.mutex_enter_blocking
                0x00000000200000c0       0x64 CMakeFiles/blinky_main.dir/Users/don/Nextcloud/Projects/2021_Lesgooooo/VSCode/donhn.io/pico-sdk/src/common/pico_sync/mutex.c.obj
                0x00000000200000c0                mutex_enter_blocking
 .time_critical.mutex_try_enter
                0x0000000020000124       0x48 CMakeFiles/blinky_main.dir/Users/don/Nextcloud/Projects/2021_Lesgooooo/VSCode/donhn.io/pico-sdk/src/common/pico_sync/mutex.c.obj
                0x0000000020000124                mutex_try_enter
 .time_critical.mutex_exit
                0x000000002000016c       0x4c CMakeFiles/blinky_main.dir/Users/don/Nextcloud/Projects/2021_Lesgooooo/VSCode/donhn.io/pico-sdk/src/common/pico_sync/mutex.c.obj
                0x000000002000016c                mutex_exit
 *(.text*)
 .text          0x00000000200001b8        0x4 /usr/local/Cellar/arm-none-eabi-gcc/9-2019-q4-major/gcc/bin/../lib/gcc/arm-none-eabi/9.2.1/thumb/v6-m/nofp/libgcc.a(_dvmd_tls.o)
                0x00000000200001b8                __aeabi_ldiv0
                0x00000000200001b8                __aeabi_idiv0
 *fill*         0x00000000200001bc        0x4 
 .text.__stub   0x00000000200001c0       0x10 linker stubs
                0x00000000200001d0                . = ALIGN (0x4)
 *(.rodata*)
                0x00000000200001d0                . = ALIGN (0x4)
 *(.data*)
 .data.striped_spin_lock_num
                0x00000000200001d0        0x1 CMakeFiles/blinky_main.dir/Users/don/Nextcloud/Projects/2021_Lesgooooo/VSCode/donhn.io/pico-sdk/src/rp2_common/hardware_sync/sync.c.obj
 *fill*         0x00000000200001d1        0x3 
 .data.default_alarm_pool
                0x00000000200001d4       0x18 CMakeFiles/blinky_main.dir/Users/don/Nextcloud/Projects/2021_Lesgooooo/VSCode/donhn.io/pico-sdk/src/common/pico_time/time.c.obj
 .data.default_alarm_pool_heap
                0x00000000200001ec       0x10 CMakeFiles/blinky_main.dir/Users/don/Nextcloud/Projects/2021_Lesgooooo/VSCode/donhn.io/pico-sdk/src/common/pico_time/time.c.obj
 .data          0x00000000200001fc       0x48 CMakeFiles/blinky_main.dir/Users/don/Nextcloud/Projects/2021_Lesgooooo/VSCode/donhn.io/pico-sdk/src/rp2_common/hardware_irq/irq_handler_chain.S.obj
                0x00000000200001fc                irq_handler_chain_slots
                0x000000002000022c                irq_handler_chain_first_slot
                0x0000000020000236                irq_handler_chain_remove_tail
 *fill*         0x0000000020000244        0xc 
 .data.aeabi_bits_funcs
                0x0000000020000250       0x10 CMakeFiles/blinky_main.dir/Users/don/Nextcloud/Projects/2021_Lesgooooo/VSCode/donhn.io/pico-sdk/src/rp2_common/pico_bit_ops/bit_ops_aeabi.S.obj
                0x0000000020000250                aeabi_bits_funcs
                0x0000000020000260                aeabi_bits_funcs_end
 .data.aeabi_mem_funcs
                0x0000000020000260       0x10 CMakeFiles/blinky_main.dir/Users/don/Nextcloud/Projects/2021_Lesgooooo/VSCode/donhn.io/pico-sdk/src/rp2_common/pico_mem_ops/mem_ops_aeabi.S.obj
                0x0000000020000260                aeabi_mem_funcs
                0x0000000020000270                aeabi_mem_funcs_end
                0x0000000020000270                . = ALIGN (0x4)
 *(.after_data.*)
                0x0000000020000270                . = ALIGN (0x4)
                0x0000000020000270                PROVIDE (__mutex_array_start = .)
 *(SORT_BY_NAME(.mutex_array.*))
 *(.mutex_array)
 .mutex_array   0x0000000020000270        0x8 CMakeFiles/blinky_main.dir/Users/don/Nextcloud/Projects/2021_Lesgooooo/VSCode/donhn.io/pico-sdk/src/rp2_common/pico_stdio/stdio.c.obj
                0x0000000020000278                PROVIDE (__mutex_array_end = .)
                0x0000000020000278                . = ALIGN (0x4)
                0x0000000020000278                PROVIDE (__preinit_array_start = .)
 *(SORT_BY_NAME(.preinit_array.*))
 .preinit_array.00001
                0x0000000020000278        0x4 CMakeFiles/blinky_main.dir/Users/don/Nextcloud/Projects/2021_Lesgooooo/VSCode/donhn.io/pico-sdk/src/rp2_common/pico_mem_ops/mem_ops_aeabi.S.obj
 .preinit_array.00010
                0x000000002000027c        0x4 CMakeFiles/blinky_main.dir/Users/don/Nextcloud/Projects/2021_Lesgooooo/VSCode/donhn.io/pico-sdk/src/rp2_common/pico_bit_ops/bit_ops_aeabi.S.obj
 .preinit_array.00020
                0x0000000020000280        0x4 CMakeFiles/blinky_main.dir/Users/don/Nextcloud/Projects/2021_Lesgooooo/VSCode/donhn.io/pico-sdk/src/rp2_common/pico_double/double_aeabi.S.obj
 .preinit_array.00020
                0x0000000020000284        0x4 CMakeFiles/blinky_main.dir/Users/don/Nextcloud/Projects/2021_Lesgooooo/VSCode/donhn.io/pico-sdk/src/rp2_common/pico_float/float_aeabi.S.obj
 *(.preinit_array)
                0x0000000020000288                PROVIDE (__preinit_array_end = .)
                0x0000000020000288                . = ALIGN (0x4)
                0x0000000020000288                PROVIDE (__init_array_start = .)
 *(SORT_BY_NAME(.init_array.*))
 *(.init_array)
 .init_array    0x0000000020000288        0x4 /usr/local/Cellar/arm-none-eabi-gcc/9-2019-q4-major/gcc/bin/../lib/gcc/arm-none-eabi/9.2.1/thumb/v6-m/nofp/crtbegin.o
                0x000000002000028c                PROVIDE (__init_array_end = .)
                0x000000002000028c                . = ALIGN (0x4)
                [!provide]                        PROVIDE (__fini_array_start = .)
 *(SORT_BY_NAME(.fini_array.*))
 *(.fini_array)
                [!provide]                        PROVIDE (__fini_array_end = .)
 *(.jcr)
                0x000000002000028c                . = ALIGN (0x4)
                0x000000002000028c                __data_end__ = .

.igot.plt       0x000000002000028c        0x0 load address 0x0000000010005144
 .igot.plt      0x000000002000028c        0x0 /usr/local/Cellar/arm-none-eabi-gcc/9-2019-q4-major/gcc/bin/../lib/gcc/arm-none-eabi/9.2.1/thumb/v6-m/nofp/crtbegin.o

.uninitialized_data
                0x000000002000028c        0x0 load address 0x0000000010005144
                0x000000002000028c                . = ALIGN (0x4)
 *(.uninitialized_data*)

.scratch_x      0x0000000020040000        0x0 load address 0x0000000010005144
                0x0000000020040000                __scratch_x_start__ = .
 *(.scratch_x.*)
                0x0000000020040000                . = ALIGN (0x4)
                0x0000000020040000                __scratch_x_end__ = .
                0x0000000010005144                __scratch_x_source__ = LOADADDR (.scratch_x)

.scratch_y      0x0000000020041000        0x0 load address 0x0000000010005144
                0x0000000020041000                __scratch_y_start__ = .
 *(.scratch_y.*)
                0x0000000020041000                . = ALIGN (0x4)
                0x0000000020041000                __scratch_y_end__ = .
                0x0000000010005144                __scratch_y_source__ = LOADADDR (.scratch_y)

.bss            0x0000000020000290      0x3c4
                0x0000000020000290                . = ALIGN (0x4)
                0x0000000020000290                __bss_start__ = .
 *(SORT_BY_ALIGNMENT(SORT_BY_NAME(.bss*)))
 .bss.default_alarm_pool_entries
                0x0000000020000290      0x100 CMakeFiles/blinky_main.dir/Users/don/Nextcloud/Projects/2021_Lesgooooo/VSCode/donhn.io/pico-sdk/src/common/pico_time/time.c.obj
 .bss           0x0000000020000390       0x1c /usr/local/Cellar/arm-none-eabi-gcc/9-2019-q4-major/gcc/bin/../lib/gcc/arm-none-eabi/9.2.1/thumb/v6-m/nofp/crtbegin.o
 .bss.alarm_callbacks
                0x00000000200003ac       0x10 CMakeFiles/blinky_main.dir/Users/don/Nextcloud/Projects/2021_Lesgooooo/VSCode/donhn.io/pico-sdk/src/rp2_common/hardware_timer/timer.c.obj
 .bss.configured_freq
                0x00000000200003bc       0x28 CMakeFiles/blinky_main.dir/Users/don/Nextcloud/Projects/2021_Lesgooooo/VSCode/donhn.io/pico-sdk/src/rp2_common/hardware_clocks/clocks.c.obj
 .bss.default_alarm_pool_entry_ids_high
                0x00000000200003e4       0x10 CMakeFiles/blinky_main.dir/Users/don/Nextcloud/Projects/2021_Lesgooooo/VSCode/donhn.io/pico-sdk/src/common/pico_time/time.c.obj
 .bss.default_alarm_pool_heap_nodes
                0x00000000200003f4       0x30 CMakeFiles/blinky_main.dir/Users/don/Nextcloud/Projects/2021_Lesgooooo/VSCode/donhn.io/pico-sdk/src/common/pico_time/time.c.obj
 .bss.drivers   0x0000000020000424        0x4 CMakeFiles/blinky_main.dir/Users/don/Nextcloud/Projects/2021_Lesgooooo/VSCode/donhn.io/pico-sdk/src/rp2_common/pico_stdio/stdio.c.obj
 .bss.filter    0x0000000020000428        0x4 CMakeFiles/blinky_main.dir/Users/don/Nextcloud/Projects/2021_Lesgooooo/VSCode/donhn.io/pico-sdk/src/rp2_common/pico_stdio/stdio.c.obj
 .bss.pools     0x000000002000042c       0x10 CMakeFiles/blinky_main.dir/Users/don/Nextcloud/Projects/2021_Lesgooooo/VSCode/donhn.io/pico-sdk/src/common/pico_time/time.c.obj
 .bss.target_hi
                0x000000002000043c       0x10 CMakeFiles/blinky_main.dir/Users/don/Nextcloud/Projects/2021_Lesgooooo/VSCode/donhn.io/pico-sdk/src/rp2_common/hardware_timer/timer.c.obj
 .bss.claimed   0x000000002000044c        0x1 CMakeFiles/blinky_main.dir/Users/don/Nextcloud/Projects/2021_Lesgooooo/VSCode/donhn.io/pico-sdk/src/rp2_common/hardware_timer/timer.c.obj
 .bss.irq_hander_chain_free_slot_head
                0x000000002000044d        0x1 CMakeFiles/blinky_main.dir/Users/don/Nextcloud/Projects/2021_Lesgooooo/VSCode/donhn.io/pico-sdk/src/rp2_common/hardware_irq/irq.c.obj
 .bss.timer_callbacks_pending
                0x000000002000044e        0x1 CMakeFiles/blinky_main.dir/Users/don/Nextcloud/Projects/2021_Lesgooooo/VSCode/donhn.io/pico-sdk/src/rp2_common/hardware_timer/timer.c.obj
 *(COMMON)
 *fill*         0x000000002000044f        0x1 
 COMMON         0x0000000020000450      0x100 CMakeFiles/blinky_main.dir/Users/don/Nextcloud/Projects/2021_Lesgooooo/VSCode/donhn.io/pico-sdk/src/rp2_common/pico_double/double_init_rom.c.obj
                0x0000000020000450                sd_table
 COMMON         0x0000000020000550      0x104 CMakeFiles/blinky_main.dir/Users/don/Nextcloud/Projects/2021_Lesgooooo/VSCode/donhn.io/pico-sdk/src/rp2_common/pico_float/float_init_rom.c.obj
                0x0000000020000550                sf_table
                0x0000000020000650                sf_clz_func
                0x0000000020000654                . = ALIGN (0x4)
                0x0000000020000654                __bss_end__ = .

.heap           0x0000000020000654      0x800
                0x0000000020000654                __end__ = .
                0x0000000020000654                end = __end__
 *(.heap*)
 .heap          0x0000000020000654      0x800 CMakeFiles/blinky_main.dir/Users/don/Nextcloud/Projects/2021_Lesgooooo/VSCode/donhn.io/pico-sdk/src/rp2_common/pico_standard_link/crt0.S.obj
                0x0000000020000e54                __HeapLimit = .

.stack1_dummy   0x0000000020040000        0x0
 *(.stack1*)

.stack_dummy    0x0000000020041000      0x800
 *(.stack*)
 .stack         0x0000000020041000      0x800 CMakeFiles/blinky_main.dir/Users/don/Nextcloud/Projects/2021_Lesgooooo/VSCode/donhn.io/pico-sdk/src/rp2_common/pico_standard_link/crt0.S.obj

.flash_end      0x0000000010005144        0x0
                0x0000000010005144                __flash_binary_end = .
                0x0000000020040000                __StackLimit = (ORIGIN (RAM) + LENGTH (RAM))
                0x0000000020041000                __StackOneTop = (ORIGIN (SCRATCH_X) + LENGTH (SCRATCH_X))
                0x0000000020042000                __StackTop = (ORIGIN (SCRATCH_Y) + LENGTH (SCRATCH_Y))
                0x0000000020041000                __StackOneBottom = (__StackOneTop - SIZEOF (.stack1_dummy))
                0x0000000020041800                __StackBottom = (__StackTop - SIZEOF (.stack_dummy))
                0x0000000020042000                PROVIDE (__stack = __StackTop)
                0x0000000000000001                ASSERT ((__StackLimit >= __HeapLimit), region RAM overflowed)
                0x0000000000000001                ASSERT (((__binary_info_header_end - __logical_binary_start) <= 0x100), Binary info must be in first 256 bytes of the binary)
LOAD CMakeFiles/blinky_main.dir/blinky_main.cpp.obj
LOAD CMakeFiles/blinky_main.dir/Users/don/Nextcloud/Projects/2021_Lesgooooo/VSCode/donhn.io/pico-sdk/src/rp2_common/pico_stdlib/stdlib.c.obj
LOAD CMakeFiles/blinky_main.dir/Users/don/Nextcloud/Projects/2021_Lesgooooo/VSCode/donhn.io/pico-sdk/src/rp2_common/hardware_gpio/gpio.c.obj
LOAD CMakeFiles/blinky_main.dir/Users/don/Nextcloud/Projects/2021_Lesgooooo/VSCode/donhn.io/pico-sdk/src/rp2_common/hardware_claim/claim.c.obj
LOAD CMakeFiles/blinky_main.dir/Users/don/Nextcloud/Projects/2021_Lesgooooo/VSCode/donhn.io/pico-sdk/src/rp2_common/hardware_sync/sync.c.obj
LOAD CMakeFiles/blinky_main.dir/Users/don/Nextcloud/Projects/2021_Lesgooooo/VSCode/donhn.io/pico-sdk/src/rp2_common/pico_platform/platform.c.obj
LOAD CMakeFiles/blinky_main.dir/Users/don/Nextcloud/Projects/2021_Lesgooooo/VSCode/donhn.io/pico-sdk/src/rp2_common/hardware_uart/uart.c.obj
LOAD CMakeFiles/blinky_main.dir/Users/don/Nextcloud/Projects/2021_Lesgooooo/VSCode/donhn.io/pico-sdk/src/rp2_common/hardware_divider/divider.S.obj
LOAD CMakeFiles/blinky_main.dir/Users/don/Nextcloud/Projects/2021_Lesgooooo/VSCode/donhn.io/pico-sdk/src/common/pico_time/time.c.obj
LOAD CMakeFiles/blinky_main.dir/Users/don/Nextcloud/Projects/2021_Lesgooooo/VSCode/donhn.io/pico-sdk/src/common/pico_time/timeout_helper.c.obj
LOAD CMakeFiles/blinky_main.dir/Users/don/Nextcloud/Projects/2021_Lesgooooo/VSCode/donhn.io/pico-sdk/src/rp2_common/hardware_timer/timer.c.obj
LOAD CMakeFiles/blinky_main.dir/Users/don/Nextcloud/Projects/2021_Lesgooooo/VSCode/donhn.io/pico-sdk/src/common/pico_sync/sem.c.obj
LOAD CMakeFiles/blinky_main.dir/Users/don/Nextcloud/Projects/2021_Lesgooooo/VSCode/donhn.io/pico-sdk/src/common/pico_sync/lock_core.c.obj
LOAD CMakeFiles/blinky_main.dir/Users/don/Nextcloud/Projects/2021_Lesgooooo/VSCode/donhn.io/pico-sdk/src/common/pico_sync/mutex.c.obj
LOAD CMakeFiles/blinky_main.dir/Users/don/Nextcloud/Projects/2021_Lesgooooo/VSCode/donhn.io/pico-sdk/src/common/pico_sync/critical_section.c.obj
LOAD CMakeFiles/blinky_main.dir/Users/don/Nextcloud/Projects/2021_Lesgooooo/VSCode/donhn.io/pico-sdk/src/common/pico_util/datetime.c.obj
LOAD CMakeFiles/blinky_main.dir/Users/don/Nextcloud/Projects/2021_Lesgooooo/VSCode/donhn.io/pico-sdk/src/common/pico_util/pheap.c.obj
LOAD CMakeFiles/blinky_main.dir/Users/don/Nextcloud/Projects/2021_Lesgooooo/VSCode/donhn.io/pico-sdk/src/common/pico_util/queue.c.obj
LOAD CMakeFiles/blinky_main.dir/Users/don/Nextcloud/Projects/2021_Lesgooooo/VSCode/donhn.io/pico-sdk/src/rp2_common/pico_runtime/runtime.c.obj
LOAD CMakeFiles/blinky_main.dir/Users/don/Nextcloud/Projects/2021_Lesgooooo/VSCode/donhn.io/pico-sdk/src/rp2_common/hardware_clocks/clocks.c.obj
LOAD CMakeFiles/blinky_main.dir/Users/don/Nextcloud/Projects/2021_Lesgooooo/VSCode/donhn.io/pico-sdk/src/rp2_common/hardware_watchdog/watchdog.c.obj
LOAD CMakeFiles/blinky_main.dir/Users/don/Nextcloud/Projects/2021_Lesgooooo/VSCode/donhn.io/pico-sdk/src/rp2_common/hardware_xosc/xosc.c.obj
LOAD CMakeFiles/blinky_main.dir/Users/don/Nextcloud/Projects/2021_Lesgooooo/VSCode/donhn.io/pico-sdk/src/rp2_common/hardware_pll/pll.c.obj
LOAD CMakeFiles/blinky_main.dir/Users/don/Nextcloud/Projects/2021_Lesgooooo/VSCode/donhn.io/pico-sdk/src/rp2_common/hardware_vreg/vreg.c.obj
LOAD CMakeFiles/blinky_main.dir/Users/don/Nextcloud/Projects/2021_Lesgooooo/VSCode/donhn.io/pico-sdk/src/rp2_common/hardware_irq/irq.c.obj
LOAD CMakeFiles/blinky_main.dir/Users/don/Nextcloud/Projects/2021_Lesgooooo/VSCode/donhn.io/pico-sdk/src/rp2_common/hardware_irq/irq_handler_chain.S.obj
LOAD CMakeFiles/blinky_main.dir/Users/don/Nextcloud/Projects/2021_Lesgooooo/VSCode/donhn.io/pico-sdk/src/rp2_common/pico_printf/printf.c.obj
LOAD CMakeFiles/blinky_main.dir/Users/don/Nextcloud/Projects/2021_Lesgooooo/VSCode/donhn.io/pico-sdk/src/rp2_common/pico_bit_ops/bit_ops_aeabi.S.obj
LOAD CMakeFiles/blinky_main.dir/Users/don/Nextcloud/Projects/2021_Lesgooooo/VSCode/donhn.io/pico-sdk/src/rp2_common/pico_bootrom/bootrom.c.obj
LOAD CMakeFiles/blinky_main.dir/Users/don/Nextcloud/Projects/2021_Lesgooooo/VSCode/donhn.io/pico-sdk/src/rp2_common/pico_divider/divider.S.obj
LOAD CMakeFiles/blinky_main.dir/Users/don/Nextcloud/Projects/2021_Lesgooooo/VSCode/donhn.io/pico-sdk/src/rp2_common/pico_double/double_aeabi.S.obj
LOAD CMakeFiles/blinky_main.dir/Users/don/Nextcloud/Projects/2021_Lesgooooo/VSCode/donhn.io/pico-sdk/src/rp2_common/pico_double/double_init_rom.c.obj
LOAD CMakeFiles/blinky_main.dir/Users/don/Nextcloud/Projects/2021_Lesgooooo/VSCode/donhn.io/pico-sdk/src/rp2_common/pico_double/double_math.c.obj
LOAD CMakeFiles/blinky_main.dir/Users/don/Nextcloud/Projects/2021_Lesgooooo/VSCode/donhn.io/pico-sdk/src/rp2_common/pico_double/double_v1_rom_shim.S.obj
LOAD CMakeFiles/blinky_main.dir/Users/don/Nextcloud/Projects/2021_Lesgooooo/VSCode/donhn.io/pico-sdk/src/rp2_common/pico_int64_ops/pico_int64_ops_aeabi.S.obj
LOAD CMakeFiles/blinky_main.dir/Users/don/Nextcloud/Projects/2021_Lesgooooo/VSCode/donhn.io/pico-sdk/src/rp2_common/pico_float/float_aeabi.S.obj
LOAD CMakeFiles/blinky_main.dir/Users/don/Nextcloud/Projects/2021_Lesgooooo/VSCode/donhn.io/pico-sdk/src/rp2_common/pico_float/float_init_rom.c.obj
LOAD CMakeFiles/blinky_main.dir/Users/don/Nextcloud/Projects/2021_Lesgooooo/VSCode/donhn.io/pico-sdk/src/rp2_common/pico_float/float_math.c.obj
LOAD CMakeFiles/blinky_main.dir/Users/don/Nextcloud/Projects/2021_Lesgooooo/VSCode/donhn.io/pico-sdk/src/rp2_common/pico_float/float_v1_rom_shim.S.obj
LOAD CMakeFiles/blinky_main.dir/Users/don/Nextcloud/Projects/2021_Lesgooooo/VSCode/donhn.io/pico-sdk/src/rp2_common/pico_malloc/pico_malloc.c.obj
LOAD CMakeFiles/blinky_main.dir/Users/don/Nextcloud/Projects/2021_Lesgooooo/VSCode/donhn.io/pico-sdk/src/rp2_common/pico_mem_ops/mem_ops_aeabi.S.obj
LOAD CMakeFiles/blinky_main.dir/Users/don/Nextcloud/Projects/2021_Lesgooooo/VSCode/donhn.io/pico-sdk/src/rp2_common/pico_standard_link/crt0.S.obj
LOAD CMakeFiles/blinky_main.dir/Users/don/Nextcloud/Projects/2021_Lesgooooo/VSCode/donhn.io/pico-sdk/src/rp2_common/pico_standard_link/new_delete.cpp.obj
LOAD CMakeFiles/blinky_main.dir/Users/don/Nextcloud/Projects/2021_Lesgooooo/VSCode/donhn.io/pico-sdk/src/rp2_common/pico_standard_link/binary_info.c.obj
LOAD CMakeFiles/blinky_main.dir/Users/don/Nextcloud/Projects/2021_Lesgooooo/VSCode/donhn.io/pico-sdk/src/rp2_common/pico_stdio/stdio.c.obj
LOAD CMakeFiles/blinky_main.dir/Users/don/Nextcloud/Projects/2021_Lesgooooo/VSCode/donhn.io/pico-sdk/src/rp2_common/pico_stdio_uart/stdio_uart.c.obj
LOAD /var/folders/9v/r3y0bcys1vs3nvstnx41l5_r0000gn/T//cce0Cq42.o
LOAD /usr/local/Cellar/arm-none-eabi-gcc/9-2019-q4-major/gcc/bin/../lib/gcc/arm-none-eabi/9.2.1/../../../../arm-none-eabi/lib/thumb/v6-m/nofp/libstdc++.a
LOAD /usr/local/Cellar/arm-none-eabi-gcc/9-2019-q4-major/gcc/bin/../lib/gcc/arm-none-eabi/9.2.1/../../../../arm-none-eabi/lib/thumb/v6-m/nofp/libm.a
START GROUP
LOAD /usr/local/Cellar/arm-none-eabi-gcc/9-2019-q4-major/gcc/bin/../lib/gcc/arm-none-eabi/9.2.1/thumb/v6-m/nofp/libgcc.a
LOAD /usr/local/Cellar/arm-none-eabi-gcc/9-2019-q4-major/gcc/bin/../lib/gcc/arm-none-eabi/9.2.1/../../../../arm-none-eabi/lib/thumb/v6-m/nofp/libg.a
LOAD /usr/local/Cellar/arm-none-eabi-gcc/9-2019-q4-major/gcc/bin/../lib/gcc/arm-none-eabi/9.2.1/../../../../arm-none-eabi/lib/thumb/v6-m/nofp/libc.a
END GROUP
START GROUP
LOAD /usr/local/Cellar/arm-none-eabi-gcc/9-2019-q4-major/gcc/bin/../lib/gcc/arm-none-eabi/9.2.1/thumb/v6-m/nofp/libgcc.a
LOAD /usr/local/Cellar/arm-none-eabi-gcc/9-2019-q4-major/gcc/bin/../lib/gcc/arm-none-eabi/9.2.1/../../../../arm-none-eabi/lib/thumb/v6-m/nofp/libc.a
LOAD /usr/local/Cellar/arm-none-eabi-gcc/9-2019-q4-major/gcc/bin/../lib/gcc/arm-none-eabi/9.2.1/../../../../arm-none-eabi/lib/thumb/v6-m/nofp/libnosys.a
END GROUP
LOAD /usr/local/Cellar/arm-none-eabi-gcc/9-2019-q4-major/gcc/bin/../lib/gcc/arm-none-eabi/9.2.1/thumb/v6-m/nofp/crtend.o
LOAD /usr/local/Cellar/arm-none-eabi-gcc/9-2019-q4-major/gcc/bin/../lib/gcc/arm-none-eabi/9.2.1/thumb/v6-m/nofp/crtn.o
OUTPUT(blinky_main.elf elf32-littlearm)

.ARM.attributes
                0x0000000000000000       0x28
 .ARM.attributes
                0x0000000000000000       0x1e /usr/local/Cellar/arm-none-eabi-gcc/9-2019-q4-major/gcc/bin/../lib/gcc/arm-none-eabi/9.2.1/thumb/v6-m/nofp/crti.o
 .ARM.attributes
                0x000000000000001e       0x2c /usr/local/Cellar/arm-none-eabi-gcc/9-2019-q4-major/gcc/bin/../lib/gcc/arm-none-eabi/9.2.1/thumb/v6-m/nofp/crtbegin.o
 .ARM.attributes
                0x000000000000004a       0x2c CMakeFiles/blinky_main.dir/blinky_main.cpp.obj
 .ARM.attributes
                0x0000000000000076       0x2c CMakeFiles/blinky_main.dir/Users/don/Nextcloud/Projects/2021_Lesgooooo/VSCode/donhn.io/pico-sdk/src/rp2_common/hardware_gpio/gpio.c.obj
 .ARM.attributes
                0x00000000000000a2       0x2c CMakeFiles/blinky_main.dir/Users/don/Nextcloud/Projects/2021_Lesgooooo/VSCode/donhn.io/pico-sdk/src/rp2_common/hardware_claim/claim.c.obj
 .ARM.attributes
                0x00000000000000ce       0x2c CMakeFiles/blinky_main.dir/Users/don/Nextcloud/Projects/2021_Lesgooooo/VSCode/donhn.io/pico-sdk/src/rp2_common/hardware_sync/sync.c.obj
 .ARM.attributes
                0x00000000000000fa       0x2c CMakeFiles/blinky_main.dir/Users/don/Nextcloud/Projects/2021_Lesgooooo/VSCode/donhn.io/pico-sdk/src/rp2_common/pico_platform/platform.c.obj
 .ARM.attributes
                0x0000000000000126       0x2c CMakeFiles/blinky_main.dir/Users/don/Nextcloud/Projects/2021_Lesgooooo/VSCode/donhn.io/pico-sdk/src/common/pico_time/time.c.obj
 .ARM.attributes
                0x0000000000000152       0x2c CMakeFiles/blinky_main.dir/Users/don/Nextcloud/Projects/2021_Lesgooooo/VSCode/donhn.io/pico-sdk/src/rp2_common/hardware_timer/timer.c.obj
 .ARM.attributes
                0x000000000000017e       0x2c CMakeFiles/blinky_main.dir/Users/don/Nextcloud/Projects/2021_Lesgooooo/VSCode/donhn.io/pico-sdk/src/common/pico_sync/lock_core.c.obj
 .ARM.attributes
                0x00000000000001aa       0x2c CMakeFiles/blinky_main.dir/Users/don/Nextcloud/Projects/2021_Lesgooooo/VSCode/donhn.io/pico-sdk/src/common/pico_sync/mutex.c.obj
 .ARM.attributes
                0x00000000000001d6       0x2c CMakeFiles/blinky_main.dir/Users/don/Nextcloud/Projects/2021_Lesgooooo/VSCode/donhn.io/pico-sdk/src/common/pico_util/pheap.c.obj
 .ARM.attributes
                0x0000000000000202       0x2c CMakeFiles/blinky_main.dir/Users/don/Nextcloud/Projects/2021_Lesgooooo/VSCode/donhn.io/pico-sdk/src/rp2_common/pico_runtime/runtime.c.obj
 .ARM.attributes
                0x000000000000022e       0x2c CMakeFiles/blinky_main.dir/Users/don/Nextcloud/Projects/2021_Lesgooooo/VSCode/donhn.io/pico-sdk/src/rp2_common/hardware_clocks/clocks.c.obj
 .ARM.attributes
                0x000000000000025a       0x2c CMakeFiles/blinky_main.dir/Users/don/Nextcloud/Projects/2021_Lesgooooo/VSCode/donhn.io/pico-sdk/src/rp2_common/hardware_watchdog/watchdog.c.obj
 .ARM.attributes
                0x0000000000000286       0x2c CMakeFiles/blinky_main.dir/Users/don/Nextcloud/Projects/2021_Lesgooooo/VSCode/donhn.io/pico-sdk/src/rp2_common/hardware_xosc/xosc.c.obj
 .ARM.attributes
                0x00000000000002b2       0x2c CMakeFiles/blinky_main.dir/Users/don/Nextcloud/Projects/2021_Lesgooooo/VSCode/donhn.io/pico-sdk/src/rp2_common/hardware_pll/pll.c.obj
 .ARM.attributes
                0x00000000000002de       0x2c CMakeFiles/blinky_main.dir/Users/don/Nextcloud/Projects/2021_Lesgooooo/VSCode/donhn.io/pico-sdk/src/rp2_common/hardware_irq/irq.c.obj
 .ARM.attributes
                0x000000000000030a       0x22 CMakeFiles/blinky_main.dir/Users/don/Nextcloud/Projects/2021_Lesgooooo/VSCode/donhn.io/pico-sdk/src/rp2_common/hardware_irq/irq_handler_chain.S.obj
 .ARM.attributes
                0x000000000000032c       0x2c CMakeFiles/blinky_main.dir/Users/don/Nextcloud/Projects/2021_Lesgooooo/VSCode/donhn.io/pico-sdk/src/rp2_common/pico_printf/printf.c.obj
 .ARM.attributes
                0x0000000000000358       0x22 CMakeFiles/blinky_main.dir/Users/don/Nextcloud/Projects/2021_Lesgooooo/VSCode/donhn.io/pico-sdk/src/rp2_common/pico_bit_ops/bit_ops_aeabi.S.obj
 .ARM.attributes
                0x000000000000037a       0x2c CMakeFiles/blinky_main.dir/Users/don/Nextcloud/Projects/2021_Lesgooooo/VSCode/donhn.io/pico-sdk/src/rp2_common/pico_bootrom/bootrom.c.obj
 .ARM.attributes
                0x00000000000003a6       0x22 CMakeFiles/blinky_main.dir/Users/don/Nextcloud/Projects/2021_Lesgooooo/VSCode/donhn.io/pico-sdk/src/rp2_common/pico_divider/divider.S.obj
 .ARM.attributes
                0x00000000000003c8       0x22 CMakeFiles/blinky_main.dir/Users/don/Nextcloud/Projects/2021_Lesgooooo/VSCode/donhn.io/pico-sdk/src/rp2_common/pico_double/double_aeabi.S.obj
 .ARM.attributes
                0x00000000000003ea       0x2c CMakeFiles/blinky_main.dir/Users/don/Nextcloud/Projects/2021_Lesgooooo/VSCode/donhn.io/pico-sdk/src/rp2_common/pico_double/double_init_rom.c.obj
 .ARM.attributes
                0x0000000000000416       0x22 CMakeFiles/blinky_main.dir/Users/don/Nextcloud/Projects/2021_Lesgooooo/VSCode/donhn.io/pico-sdk/src/rp2_common/pico_double/double_v1_rom_shim.S.obj
 .ARM.attributes
                0x0000000000000438       0x22 CMakeFiles/blinky_main.dir/Users/don/Nextcloud/Projects/2021_Lesgooooo/VSCode/donhn.io/pico-sdk/src/rp2_common/pico_int64_ops/pico_int64_ops_aeabi.S.obj
 .ARM.attributes
                0x000000000000045a       0x22 CMakeFiles/blinky_main.dir/Users/don/Nextcloud/Projects/2021_Lesgooooo/VSCode/donhn.io/pico-sdk/src/rp2_common/pico_float/float_aeabi.S.obj
 .ARM.attributes
                0x000000000000047c       0x2c CMakeFiles/blinky_main.dir/Users/don/Nextcloud/Projects/2021_Lesgooooo/VSCode/donhn.io/pico-sdk/src/rp2_common/pico_float/float_init_rom.c.obj
 .ARM.attributes
                0x00000000000004a8       0x22 CMakeFiles/blinky_main.dir/Users/don/Nextcloud/Projects/2021_Lesgooooo/VSCode/donhn.io/pico-sdk/src/rp2_common/pico_float/float_v1_rom_shim.S.obj
 .ARM.attributes
                0x00000000000004ca       0x22 CMakeFiles/blinky_main.dir/Users/don/Nextcloud/Projects/2021_Lesgooooo/VSCode/donhn.io/pico-sdk/src/rp2_common/pico_mem_ops/mem_ops_aeabi.S.obj
 .ARM.attributes
                0x00000000000004ec       0x22 CMakeFiles/blinky_main.dir/Users/don/Nextcloud/Projects/2021_Lesgooooo/VSCode/donhn.io/pico-sdk/src/rp2_common/pico_standard_link/crt0.S.obj
 .ARM.attributes
                0x000000000000050e       0x32 CMakeFiles/blinky_main.dir/Users/don/Nextcloud/Projects/2021_Lesgooooo/VSCode/donhn.io/pico-sdk/src/rp2_common/pico_standard_link/binary_info.c.obj
 .ARM.attributes
                0x0000000000000540       0x2c CMakeFiles/blinky_main.dir/Users/don/Nextcloud/Projects/2021_Lesgooooo/VSCode/donhn.io/pico-sdk/src/rp2_common/pico_stdio/stdio.c.obj
 .ARM.attributes
                0x000000000000056c       0x22 /var/folders/9v/r3y0bcys1vs3nvstnx41l5_r0000gn/T//cce0Cq42.o
 .ARM.attributes
                0x000000000000058e       0x1e /usr/local/Cellar/arm-none-eabi-gcc/9-2019-q4-major/gcc/bin/../lib/gcc/arm-none-eabi/9.2.1/thumb/v6-m/nofp/libgcc.a(_dvmd_tls.o)
 .ARM.attributes
                0x00000000000005ac       0x2c /usr/local/Cellar/arm-none-eabi-gcc/9-2019-q4-major/gcc/bin/../lib/gcc/arm-none-eabi/9.2.1/../../../../arm-none-eabi/lib/thumb/v6-m/nofp/libg.a(lib_a-strlen-stub.o)

.comment        0x0000000000000000       0x79
 .comment       0x0000000000000000       0x79 CMakeFiles/blinky_main.dir/blinky_main.cpp.obj
                                         0x7a (size before relaxing)
 .comment       0x0000000000000079       0x7a CMakeFiles/blinky_main.dir/Users/don/Nextcloud/Projects/2021_Lesgooooo/VSCode/donhn.io/pico-sdk/src/rp2_common/hardware_gpio/gpio.c.obj
 .comment       0x0000000000000079       0x7a CMakeFiles/blinky_main.dir/Users/don/Nextcloud/Projects/2021_Lesgooooo/VSCode/donhn.io/pico-sdk/src/rp2_common/hardware_claim/claim.c.obj
 .comment       0x0000000000000079       0x7a CMakeFiles/blinky_main.dir/Users/don/Nextcloud/Projects/2021_Lesgooooo/VSCode/donhn.io/pico-sdk/src/rp2_common/hardware_sync/sync.c.obj
 .comment       0x0000000000000079       0x7a CMakeFiles/blinky_main.dir/Users/don/Nextcloud/Projects/2021_Lesgooooo/VSCode/donhn.io/pico-sdk/src/rp2_common/pico_platform/platform.c.obj
 .comment       0x0000000000000079       0x7a CMakeFiles/blinky_main.dir/Users/don/Nextcloud/Projects/2021_Lesgooooo/VSCode/donhn.io/pico-sdk/src/common/pico_time/time.c.obj
 .comment       0x0000000000000079       0x7a CMakeFiles/blinky_main.dir/Users/don/Nextcloud/Projects/2021_Lesgooooo/VSCode/donhn.io/pico-sdk/src/rp2_common/hardware_timer/timer.c.obj
 .comment       0x0000000000000079       0x7a CMakeFiles/blinky_main.dir/Users/don/Nextcloud/Projects/2021_Lesgooooo/VSCode/donhn.io/pico-sdk/src/common/pico_sync/lock_core.c.obj
 .comment       0x0000000000000079       0x7a CMakeFiles/blinky_main.dir/Users/don/Nextcloud/Projects/2021_Lesgooooo/VSCode/donhn.io/pico-sdk/src/common/pico_sync/mutex.c.obj
 .comment       0x0000000000000079       0x7a CMakeFiles/blinky_main.dir/Users/don/Nextcloud/Projects/2021_Lesgooooo/VSCode/donhn.io/pico-sdk/src/common/pico_util/pheap.c.obj
 .comment       0x0000000000000079       0x7a CMakeFiles/blinky_main.dir/Users/don/Nextcloud/Projects/2021_Lesgooooo/VSCode/donhn.io/pico-sdk/src/rp2_common/pico_runtime/runtime.c.obj
 .comment       0x0000000000000079       0x7a CMakeFiles/blinky_main.dir/Users/don/Nextcloud/Projects/2021_Lesgooooo/VSCode/donhn.io/pico-sdk/src/rp2_common/hardware_clocks/clocks.c.obj
 .comment       0x0000000000000079       0x7a CMakeFiles/blinky_main.dir/Users/don/Nextcloud/Projects/2021_Lesgooooo/VSCode/donhn.io/pico-sdk/src/rp2_common/hardware_watchdog/watchdog.c.obj
 .comment       0x0000000000000079       0x7a CMakeFiles/blinky_main.dir/Users/don/Nextcloud/Projects/2021_Lesgooooo/VSCode/donhn.io/pico-sdk/src/rp2_common/hardware_xosc/xosc.c.obj
 .comment       0x0000000000000079       0x7a CMakeFiles/blinky_main.dir/Users/don/Nextcloud/Projects/2021_Lesgooooo/VSCode/donhn.io/pico-sdk/src/rp2_common/hardware_pll/pll.c.obj
 .comment       0x0000000000000079       0x7a CMakeFiles/blinky_main.dir/Users/don/Nextcloud/Projects/2021_Lesgooooo/VSCode/donhn.io/pico-sdk/src/rp2_common/hardware_irq/irq.c.obj
 .comment       0x0000000000000079       0x7a CMakeFiles/blinky_main.dir/Users/don/Nextcloud/Projects/2021_Lesgooooo/VSCode/donhn.io/pico-sdk/src/rp2_common/pico_printf/printf.c.obj
 .comment       0x0000000000000079       0x7a CMakeFiles/blinky_main.dir/Users/don/Nextcloud/Projects/2021_Lesgooooo/VSCode/donhn.io/pico-sdk/src/rp2_common/pico_bootrom/bootrom.c.obj
 .comment       0x0000000000000079       0x7a CMakeFiles/blinky_main.dir/Users/don/Nextcloud/Projects/2021_Lesgooooo/VSCode/donhn.io/pico-sdk/src/rp2_common/pico_double/double_init_rom.c.obj
 .comment       0x0000000000000079       0x7a CMakeFiles/blinky_main.dir/Users/don/Nextcloud/Projects/2021_Lesgooooo/VSCode/donhn.io/pico-sdk/src/rp2_common/pico_float/float_init_rom.c.obj
 .comment       0x0000000000000079       0x7a CMakeFiles/blinky_main.dir/Users/don/Nextcloud/Projects/2021_Lesgooooo/VSCode/donhn.io/pico-sdk/src/rp2_common/pico_standard_link/binary_info.c.obj
 .comment       0x0000000000000079       0x7a CMakeFiles/blinky_main.dir/Users/don/Nextcloud/Projects/2021_Lesgooooo/VSCode/donhn.io/pico-sdk/src/rp2_common/pico_stdio/stdio.c.obj

.debug_info     0x0000000000000000    0x143d8
 .debug_info    0x0000000000000000      0x6a6 CMakeFiles/blinky_main.dir/blinky_main.cpp.obj
 .debug_info    0x00000000000006a6     0x1141 CMakeFiles/blinky_main.dir/Users/don/Nextcloud/Projects/2021_Lesgooooo/VSCode/donhn.io/pico-sdk/src/rp2_common/hardware_gpio/gpio.c.obj
 .debug_info    0x00000000000017e7      0x620 CMakeFiles/blinky_main.dir/Users/don/Nextcloud/Projects/2021_Lesgooooo/VSCode/donhn.io/pico-sdk/src/rp2_common/hardware_claim/claim.c.obj
 .debug_info    0x0000000000001e07      0x4a5 CMakeFiles/blinky_main.dir/Users/don/Nextcloud/Projects/2021_Lesgooooo/VSCode/donhn.io/pico-sdk/src/rp2_common/hardware_sync/sync.c.obj
 .debug_info    0x00000000000022ac      0x1e3 CMakeFiles/blinky_main.dir/Users/don/Nextcloud/Projects/2021_Lesgooooo/VSCode/donhn.io/pico-sdk/src/rp2_common/pico_platform/platform.c.obj
 .debug_info    0x000000000000248f     0x4043 CMakeFiles/blinky_main.dir/Users/don/Nextcloud/Projects/2021_Lesgooooo/VSCode/donhn.io/pico-sdk/src/common/pico_time/time.c.obj
 .debug_info    0x00000000000064d2     0x1043 CMakeFiles/blinky_main.dir/Users/don/Nextcloud/Projects/2021_Lesgooooo/VSCode/donhn.io/pico-sdk/src/rp2_common/hardware_timer/timer.c.obj
 .debug_info    0x0000000000007515      0x17b CMakeFiles/blinky_main.dir/Users/don/Nextcloud/Projects/2021_Lesgooooo/VSCode/donhn.io/pico-sdk/src/common/pico_sync/lock_core.c.obj
 .debug_info    0x0000000000007690      0xdbb CMakeFiles/blinky_main.dir/Users/don/Nextcloud/Projects/2021_Lesgooooo/VSCode/donhn.io/pico-sdk/src/common/pico_sync/mutex.c.obj
 .debug_info    0x000000000000844b     0x1ab0 CMakeFiles/blinky_main.dir/Users/don/Nextcloud/Projects/2021_Lesgooooo/VSCode/donhn.io/pico-sdk/src/common/pico_util/pheap.c.obj
 .debug_info    0x0000000000009efb     0x124e CMakeFiles/blinky_main.dir/Users/don/Nextcloud/Projects/2021_Lesgooooo/VSCode/donhn.io/pico-sdk/src/rp2_common/pico_runtime/runtime.c.obj
 .debug_info    0x000000000000b149     0x1037 CMakeFiles/blinky_main.dir/Users/don/Nextcloud/Projects/2021_Lesgooooo/VSCode/donhn.io/pico-sdk/src/rp2_common/hardware_clocks/clocks.c.obj
 .debug_info    0x000000000000c180      0xd37 CMakeFiles/blinky_main.dir/Users/don/Nextcloud/Projects/2021_Lesgooooo/VSCode/donhn.io/pico-sdk/src/rp2_common/hardware_watchdog/watchdog.c.obj
 .debug_info    0x000000000000ceb7      0x214 CMakeFiles/blinky_main.dir/Users/don/Nextcloud/Projects/2021_Lesgooooo/VSCode/donhn.io/pico-sdk/src/rp2_common/hardware_xosc/xosc.c.obj
 .debug_info    0x000000000000d0cb      0x395 CMakeFiles/blinky_main.dir/Users/don/Nextcloud/Projects/2021_Lesgooooo/VSCode/donhn.io/pico-sdk/src/rp2_common/hardware_pll/pll.c.obj
 .debug_info    0x000000000000d460     0x18ed CMakeFiles/blinky_main.dir/Users/don/Nextcloud/Projects/2021_Lesgooooo/VSCode/donhn.io/pico-sdk/src/rp2_common/hardware_irq/irq.c.obj
 .debug_info    0x000000000000ed4d       0x26 CMakeFiles/blinky_main.dir/Users/don/Nextcloud/Projects/2021_Lesgooooo/VSCode/donhn.io/pico-sdk/src/rp2_common/hardware_irq/irq_handler_chain.S.obj
 .debug_info    0x000000000000ed73     0x1fe2 CMakeFiles/blinky_main.dir/Users/don/Nextcloud/Projects/2021_Lesgooooo/VSCode/donhn.io/pico-sdk/src/rp2_common/pico_printf/printf.c.obj
 .debug_info    0x0000000000010d55       0x22 CMakeFiles/blinky_main.dir/Users/don/Nextcloud/Projects/2021_Lesgooooo/VSCode/donhn.io/pico-sdk/src/rp2_common/pico_bit_ops/bit_ops_aeabi.S.obj
 .debug_info    0x0000000000010d77      0x231 CMakeFiles/blinky_main.dir/Users/don/Nextcloud/Projects/2021_Lesgooooo/VSCode/donhn.io/pico-sdk/src/rp2_common/pico_bootrom/bootrom.c.obj
 .debug_info    0x0000000000010fa8       0x22 CMakeFiles/blinky_main.dir/Users/don/Nextcloud/Projects/2021_Lesgooooo/VSCode/donhn.io/pico-sdk/src/rp2_common/pico_divider/divider.S.obj
 .debug_info    0x0000000000010fca       0x22 CMakeFiles/blinky_main.dir/Users/don/Nextcloud/Projects/2021_Lesgooooo/VSCode/donhn.io/pico-sdk/src/rp2_common/pico_double/double_aeabi.S.obj
 .debug_info    0x0000000000010fec      0xb34 CMakeFiles/blinky_main.dir/Users/don/Nextcloud/Projects/2021_Lesgooooo/VSCode/donhn.io/pico-sdk/src/rp2_common/pico_double/double_init_rom.c.obj
 .debug_info    0x0000000000011b20       0x22 CMakeFiles/blinky_main.dir/Users/don/Nextcloud/Projects/2021_Lesgooooo/VSCode/donhn.io/pico-sdk/src/rp2_common/pico_double/double_v1_rom_shim.S.obj
 .debug_info    0x0000000000011b42       0x26 CMakeFiles/blinky_main.dir/Users/don/Nextcloud/Projects/2021_Lesgooooo/VSCode/donhn.io/pico-sdk/src/rp2_common/pico_int64_ops/pico_int64_ops_aeabi.S.obj
 .debug_info    0x0000000000011b68       0x22 CMakeFiles/blinky_main.dir/Users/don/Nextcloud/Projects/2021_Lesgooooo/VSCode/donhn.io/pico-sdk/src/rp2_common/pico_float/float_aeabi.S.obj
 .debug_info    0x0000000000011b8a      0xb7d CMakeFiles/blinky_main.dir/Users/don/Nextcloud/Projects/2021_Lesgooooo/VSCode/donhn.io/pico-sdk/src/rp2_common/pico_float/float_init_rom.c.obj
 .debug_info    0x0000000000012707       0x22 CMakeFiles/blinky_main.dir/Users/don/Nextcloud/Projects/2021_Lesgooooo/VSCode/donhn.io/pico-sdk/src/rp2_common/pico_float/float_v1_rom_shim.S.obj
 .debug_info    0x0000000000012729       0x22 CMakeFiles/blinky_main.dir/Users/don/Nextcloud/Projects/2021_Lesgooooo/VSCode/donhn.io/pico-sdk/src/rp2_common/pico_mem_ops/mem_ops_aeabi.S.obj
 .debug_info    0x000000000001274b       0x22 CMakeFiles/blinky_main.dir/Users/don/Nextcloud/Projects/2021_Lesgooooo/VSCode/donhn.io/pico-sdk/src/rp2_common/pico_standard_link/crt0.S.obj
 .debug_info    0x000000000001276d      0x2f6 CMakeFiles/blinky_main.dir/Users/don/Nextcloud/Projects/2021_Lesgooooo/VSCode/donhn.io/pico-sdk/src/rp2_common/pico_standard_link/binary_info.c.obj
 .debug_info    0x0000000000012a63     0x1975 CMakeFiles/blinky_main.dir/Users/don/Nextcloud/Projects/2021_Lesgooooo/VSCode/donhn.io/pico-sdk/src/rp2_common/pico_stdio/stdio.c.obj

.debug_abbrev   0x0000000000000000     0x3f3c
 .debug_abbrev  0x0000000000000000      0x1f6 CMakeFiles/blinky_main.dir/blinky_main.cpp.obj